******************************************************************************
                  TI ARM Linker PC v16.9.0                     
******************************************************************************
>> Linked Sat Apr 29 16:02:09 2017

OUTPUT FILE NAME:   <kranioz.out>
ENTRY POINT SYMBOL: "_c_int00"  address: 000041a1


MEMORY CONFIGURATION

         name            origin    length      used     unused   attr    fill
----------------------  --------  ---------  --------  --------  ----  --------
  MAIN                  00000000   00040000  00007f34  000380cc  R  X
  INFO                  00200000   00004000  00000000  00004000  R  X
  SRAM_CODE             01000000   00010000  00000000  00010000  RW X
  SRAM_DATA             20000000   00010000  000014a5  0000eb5b  RW  


SEGMENT ALLOCATION MAP

run origin  load origin   length   init length attrs members
----------  ----------- ---------- ----------- ----- -------
00000000    00000000    00007f40   00007f40    r-x
  00000000    00000000    0000003c   0000003c    r-- .resetVecs
  00000040    00000040    00005efa   00005efa    r-x .text
  00005f3c    00005f3c    00001d9e   00001d9e    r-- .const
  00007ce0    00007ce0    00000260   00000260    r-- .cinit
20000000    20000000    000011a5   00000000    rw-
  20000000    20000000    00000140   00000000    rw- .vecs
  20000140    20000140    00000b68   00000000    rw- .bss
  20000ca8    20000ca8    000004fd   00000000    rw- .data
2000fd00    2000fd00    00000300   00000000    rw-
  2000fd00    2000fd00    00000300   00000000    rw- .stack


SECTION ALLOCATION MAP

 output                                  attributes/
section   page    origin      length       input sections
--------  ----  ----------  ----------   ----------------
.text      0    00000040    00005efa     
                  00000040    00000430     sysbios.aem4f : BIOS.obj (.text:ti_sysbios_family_arm_m3_Hwi_excDumpRegs__I)
                  00000470    0000034c     ti.targets.arm.rtsarm.aem4f : System.oem4f (.text:xdc_runtime_System_doPrint__I)
                  000007bc    00000324     rtsv7M4_T_le_v4SPD16_eabi.lib : trgdrv.obj (.text)
                  00000ae0    000002b0     sysbios.aem4f : BIOS.obj (.text:ti_sysbios_knl_Semaphore_pend__E)
                  00000d90    00000264     drivers_MSP432P401R.aem4f : PowerMSP432.oem4f (.text:Power_sleep)
                  00000ff4    00000004     msp432p4xx_driverlib.lib : cpu.o (.text:CPU_wfi)
                  00000ff8    00000258     sysbios.aem4f : BIOS.obj (.text:ti_sysbios_heaps_HeapMem_free__E)
                  00001250    00000248                   : BIOS.obj (.text:ti_sysbios_heaps_HeapMem_alloc__E)
                  00001498    00000224                   : BIOS.obj (.text:ti_sysbios_knl_Task_Instance_finalize__E)
                  000016bc    00000004     tirtosport.aem4f : HwiP_tirtos.oem4f (.text:HwiP_disable)
                  000016c0    000001fc     sysbios.aem4f : BIOS.obj (.text:ti_sysbios_family_arm_m3_Hwi_excHandlerMax__I)
                  000018bc    00000004     drivers_MSP432P401R.aem4f : List.oem4f (.text:List_head)
                  000018c0    000001c8     sysbios.aem4f : BIOS.obj (.text:ti_sysbios_knl_Task_Instance_init__E)
                  00001a88    000001c4                   : BIOS.obj (.text:ti_sysbios_knl_Task_sleep__E)
                  00001c4c    000001a0     msp432p4xx_driverlib.lib : pcm.o (.text:__PCM_setPowerStateAdvanced)
                  00001dec    00000004     drivers_MSP432P401R.aem4f : List.oem4f (.text:List_next)
                  00001df0    00000174     sysbios.aem4f : BIOS.obj (.text:ti_sysbios_family_arm_m3_Hwi_excBusFault__I)
                  00001f64    00000004     empty_pem4f.oem4f (.text:ti_sysbios_BIOS_RtsGateProxy_enter__E)
                  00001f68    00000164     sysbios.aem4f : BIOS.obj (.text:ti_sysbios_family_arm_m3_Hwi_excUsageFault__I)
                  000020cc    00000004     empty_pem4f.oem4f (.text:ti_sysbios_BIOS_RtsGateProxy_leave__E)
                  000020d0    00000148     sysbios.aem4f : BIOS.obj (.text:ti_sysbios_family_arm_m3_Hwi_excMemFault__I)
                  00002218    00000140     drivers_MSP432P401R.aem4f : GPIOMSP432.oem4f (.text:GPIO_setConfig)
                  00002358    0000013c     sysbios.aem4f : BIOS.obj (.text:ti_sysbios_heaps_HeapMem_Instance_init__E)
                  00002494    00000118     ti.targets.arm.rtsarm.aem4f : Error.oem4f (.text:xdc_runtime_Error_policyDefault__E)
                  000025ac    00000100                                 : Core-mem.oem4f (.text:xdc_runtime_Core_createObject__I)
                  000026ac    000000f8                                 : Startup.oem4f (.text:xdc_runtime_Startup_startMods__I)
                  000027a4    000000f8     empty_pem4f.oem4f (.text:xdc_runtime_System_printfExtend__I)
                  0000289c    000000f0     drivers_MSP432P401R.aem4f : PowerMSP432.oem4f (.text:initPerfControl)
                  0000298c    000000ec     sysbios.aem4f : m3_Hwi_asm.obj (.text:ti_sysbios_family_arm_m3_Hwi_dispatch__I)
                  00002a78    000000ec                   : BIOS.obj (.text:ti_sysbios_knl_Semaphore_post__E)
                  00002b64    000000e0     msp432p4xx_driverlib.lib : cs.o (.text:CS_initClockSignal)
                  00002c44    000000dc                              : pcm.o (.text:__PCM_setPowerModeAdvanced)
                  00002d20    000000cc     ti.targets.arm.rtsarm.aem4f : Core-smem.oem4f (.text:xdc_runtime_Core_constructObject__I)
                  00002dec    000000c4     empty.obj (.text:main)
                  00002eb0    000000bc     sysbios.aem4f : BIOS.obj (.text:ti_sysbios_family_arm_m3_Hwi_excDebugMon__I)
                  00002f6c    00000004     empty_pem4f.oem4f (.text:ti_sysbios_family_arm_m3_TaskSupport_Module__startupDone__S)
                  00002f70    000000bc     sysbios.aem4f : BIOS.obj (.text:ti_sysbios_family_arm_m3_Hwi_excHardFault__I)
                  0000302c    00000004     empty_pem4f.oem4f (.text:ti_sysbios_heaps_HeapMem_Module_GateProxy_enter__E)
                  00003030    000000b4     sysbios.aem4f : BIOS.obj (.text:ti_sysbios_gates_GateMutex_enter__E)
                  000030e4    00000004     empty_pem4f.oem4f (.text:ti_sysbios_heaps_HeapMem_Module_GateProxy_leave__E)
                  000030e8    000000b4     sysbios.aem4f : BIOS.obj (.text:ti_sysbios_knl_Task_checkStacks__E)
                  0000319c    000000b0     msp432p4xx_driverlib.lib : pcm.o (.text:__PCM_setCoreVoltageLevelAdvanced)
                  0000324c    00000004     empty_pem4f.oem4f (.text:ti_sysbios_knl_Clock_TimerProxy_getMaxTicks__E)
                  00003250    000000a8     sysbios.aem4f : BIOS.obj (.text:ti_sysbios_family_arm_msp432_Timer_periodicStub__E)
                  000032f8    000000a0     auto_init.aem4f : auto_init.oem4f (.text)
                  00003398    000000a0     ti.targets.arm.rtsarm.aem4f : Text.oem4f (.text:xdc_runtime_Text_putMod__E)
                  00003438    0000009c     rtsv7M4_T_le_v4SPD16_eabi.lib : memcpy_t2.obj (.text)
                  000034d4    00000004     empty_pem4f.oem4f (.text:ti_sysbios_knl_Queue_destruct)
                  000034d8    0000009c     sysbios.aem4f : BIOS.obj (.text:ti_sysbios_knl_Semaphore_Instance_init__E)
                  00003574    00000004     empty_pem4f.oem4f (.text:ti_sysbios_knl_Semaphore_destruct)
                  00003578    0000009c     sysbios.aem4f : BIOS.obj (.text:ti_sysbios_knl_Task_postInit__I)
                  00003614    0000009a     ti.targets.arm.rtsarm.aem4f : Text.oem4f (.text:xdc_runtime_Text_putSite__E)
                  000036ae    00000002     power_tirtos_MSP432P401R.aem4f : PowerMSP432_tirtos.oem4f (.text:PowerMSP432_initPolicy)
                  000036b0    00000094     sysbios.aem4f : BIOS.obj (.text:ti_sysbios_family_arm_m3_Hwi_Instance_init__E)
                  00003744    00000004     ti.targets.arm.rtsarm.aem4f : Error.oem4f (.text:xdc_runtime_Error_getSite__E)
                  00003748    00000094     sysbios.aem4f : BIOS.obj (.text:ti_sysbios_family_arm_m3_Hwi_initNVIC__E)
                  000037dc    0000008c                   : m3_TaskSupport_asm.obj (.text:ti_sysbios_family_arm_m3_TaskSupport_buildTaskStack)
                  00003868    00000088                   : BIOS.obj (.text:ti_sysbios_family_arm_msp432_Timer_Module_startup__E)
                  000038f0    00000084                   : BIOS.obj (.text:ti_sysbios_family_arm_m3_Hwi_postInit__I)
                  00003974    0000007c     msp432p4xx_driverlib.lib : pcm.o (.text:PCM_gotoLPM3)
                  000039f0    0000007a     rtsv7M4_T_le_v4SPD16_eabi.lib : memset_t2.obj (.text)
                  00003a6a    00000006     ti.targets.arm.rtsarm.aem4f : System.oem4f (.text:xdc_runtime_System_Module_startup__E)
                  00003a70    00000070     sysbios.aem4f : BIOS.obj (.text:ti_sysbios_knl_Task_exit__E)
                  00003ae0    0000006d     ti.targets.arm.rtsarm.aem4f : System.oem4f (.text:xdc_runtime_System_formatNum__I)
                  00003b4d    00000001     --HOLE-- [fill = 0]
                  00003b4e    00000002     rtsv7M4_T_le_v4SPD16_eabi.lib : i_div0.obj (.text)
                  00003b50    0000006c     sysbios.aem4f : BIOS.obj (.text:ti_sysbios_knl_Clock_workFunc__E)
                  00003bbc    00000004     empty_pem4f.oem4f (.text:xdc_runtime_System_Module_GateProxy_enter__E)
                  00003bc0    0000006c     sysbios.aem4f : BIOS.obj (.text:ti_sysbios_knl_Swi_restoreHwi__E)
                  00003c2c    0000006c     ti.targets.arm.rtsarm.aem4f : Error.oem4f (.text:xdc_runtime_Error_print__E)
                  00003c98    0000006c                                 : Memory.oem4f (.text:xdc_runtime_Memory_alloc__E)
                  00003d04    00000068     rtsv7M4_T_le_v4SPD16_eabi.lib : copy_decompress_lzss.obj (.text:decompress:lzss)
                  00003d6c    00000068                                   : trgmsg.obj (.text)
                  00003dd4    00000066     ti.targets.arm.rtsarm.aem4f : Core-mem.oem4f (.text:xdc_runtime_Core_deleteObject__I)
                  00003e3a    00000004     empty_pem4f.oem4f (.text:xdc_runtime_System_Module_GateProxy_leave__E)
                  00003e3e    00000002     empty_pem4f.oem4f (.text:ti_sysbios_BIOS_nullFunc__I)
                  00003e40    00000064     sysbios.aem4f : BIOS.obj (.text:ti_sysbios_family_arm_m3_Hwi_dispatchC__I)
                  00003ea4    00000062     tirtosport.aem4f : HwiP_tirtos.oem4f (.text:HwiP_create)
                  00003f06    00000002     --HOLE-- [fill = 0]
                  00003f08    00000060     sysbios.aem4f : BIOS.obj (.text:ti_sysbios_knl_Task_schedule__I)
                  00003f68    0000005c     drivers_MSP432P401R.aem4f : GPIOMSP432.oem4f (.text:GPIO_init)
                  00003fc4    00000004     ti.targets.arm.rtsarm.aem4f : System.oem4f (.text:xdc_runtime_System_aprintf_va__F)
                  00003fc8    0000005c     sysbios.aem4f : BIOS.obj (.text:ti_sysbios_knl_Swi_run__I)
                  00004024    00000004     ti.targets.arm.rtsarm.aem4f : System.oem4f (.text:xdc_runtime_System_printf_va__F)
                  00004028    0000005c     sysbios.aem4f : BIOS.obj (.text:ti_sysbios_knl_Swi_schedule__I)
                  00004084    00000004     --HOLE-- [fill = 0]
                  00004088    0000005c                   : BIOS.obj (.text:ti_sysbios_knl_Task_Module_startup__E)
                  000040e4    00000004     --HOLE-- [fill = 0]
                  000040e8    0000005c                   : BIOS.obj (.text:ti_sysbios_knl_Task_startCore__E)
                  00004144    0000005b     ti.targets.arm.rtsarm.aem4f : Text.oem4f (.text:xdc_runtime_Text_putLab__E)
                  0000419f    00000001     --HOLE-- [fill = 0]
                  000041a0    00000058     boot.aem4f : boot.oem4f (.text)
                  000041f8    00000058     empty_pem4f.oem4f (.text:ti_sysbios_family_arm_m3_Hwi_construct)
                  00004250    00000058     sysbios.aem4f : m3_Hwi_asm_switch.obj (.text:ti_sysbios_family_arm_m3_Hwi_initStacks__E)
                  000042a8    00000054     drivers_MSP432P401R.aem4f : GPIOMSP432.oem4f (.text:GPIO_hwiIntFxn)
                  000042fc    00000054                               : GPIOMSP432.oem4f (.text:GPIO_setCallback)
                  00004350    00000054     rtsv7M4_T_le_v4SPD16_eabi.lib : exit.obj (.text)
                  000043a4    00000004     --HOLE-- [fill = 0]
                  000043a8    00000054     sysbios.aem4f : BIOS.obj (.text:ti_sysbios_family_arm_msp432_Timer_initDevice__I)
                  000043fc    00000004     --HOLE-- [fill = 0]
                  00004400    00000054                   : BIOS.obj (.text:ti_sysbios_family_arm_msp432_init_Boot_configureClocksHigh)
                  00004454    00000054     empty_pem4f.oem4f (.text:ti_sysbios_knl_Task_construct)
                  000044a8    00000054     ti.targets.arm.rtsarm.aem4f : Assert.oem4f (.text:xdc_runtime_Assert_raise__I)
                  000044fc    00000050     drivers_MSP432P401R.aem4f : GPIOMSP432.oem4f (.text:GPIO_write)
                  0000454c    00000050     msp432p4xx_driverlib.lib : pcm.o (.text:PCM_shutdownDevice)
                  0000459c    00000004     --HOLE-- [fill = 0]
                  000045a0    00000050     sysbios.aem4f : BIOS.obj (.text:ti_sysbios_family_arm_m3_Hwi_Module_startup__E)
                  000045f0    00000050     ti.targets.arm.rtsarm.aem4f : Startup.oem4f (.text:xdc_runtime_Startup_exec__E)
                  00004640    00000050                                 : Text.oem4f (.text:xdc_runtime_Text_visitRope2__I)
                  00004690    0000004c     rtsv7M4_T_le_v4SPD16_eabi.lib : cpy_tbl.obj (.text)
                  000046dc    00000004     --HOLE-- [fill = 0]
                  000046e0    0000004c     sysbios.aem4f : BIOS.obj (.text:ti_sysbios_family_arm_msp432_Timer_start__E)
                  0000472c    00000004     --HOLE-- [fill = 0]
                  00004730    0000004c                   : BIOS.obj (.text:ti_sysbios_heaps_HeapMem_getStats__E)
                  0000477c    00000004     --HOLE-- [fill = 0]
                  00004780    0000004c                   : BIOS.obj (.text:ti_sysbios_knl_Swi_runLoop__I)
                  000047cc    00000004     --HOLE-- [fill = 0]
                  000047d0    0000004c                   : BIOS.obj (.text:ti_sysbios_knl_Task_allBlockedFunction__I)
                  0000481c    00000004     --HOLE-- [fill = 0]
                  00004820    00000048                   : BIOS.obj (.text:ti_sysbios_family_arm_m3_Hwi_disableInterrupt__E)
                  00004868    00000048                   : BIOS.obj (.text:ti_sysbios_family_arm_m3_Hwi_enableInterrupt__E)
                  000048b0    00000048                   : BIOS.obj (.text:ti_sysbios_family_arm_m3_Hwi_excReserved__I)
                  000048f8    00000046     ti.targets.arm.rtsarm.aem4f : Core-params.oem4f (.text:xdc_runtime_Core_assignParams__I)
                  0000493e    00000002     --HOLE-- [fill = 0]
                  00004940    00000044     drivers_MSP432P401R.aem4f : PowerMSP432.oem4f (.text:Power_init)
                  00004984    00000004     --HOLE-- [fill = 0]
                  00004988    00000044     sysbios.aem4f : BIOS.obj (.text:ti_sysbios_family_arm_m3_Hwi_getStackInfo__E)
                  000049cc    00000004     --HOLE-- [fill = 0]
                  000049d0    00000044                   : BIOS.obj (.text:ti_sysbios_knl_Swi_post__E)
                  00004a14    00000044     ti.targets.arm.rtsarm.aem4f : Error.oem4f (.text:xdc_runtime_Error_setX__E)
                  00004a58    00000044                                 : SysMin.oem4f (.text:xdc_runtime_SysMin_flush__E)
                  00004a9c    00000044                                 : Text.oem4f (.text:xdc_runtime_Text_xprintf__I)
                  00004ae0    00000040     msp432p4xx_driverlib.lib : flash.o (.text:FlashCtl_disableReadBuffering)
                  00004b20    00000040     drivers_MSP432P401R.aem4f : PowerMSP432.oem4f (.text:notify)
                  00004b60    00000040     rtsv7M4_T_le_v4SPD16_eabi.lib : u_divt2.obj (.text)
                  00004ba0    00000040     sysbios.aem4f : BIOS.obj (.text:ti_sysbios_family_arm_msp432_Timer_startup__E)
                  00004be0    0000003c     power_tirtos_MSP432P401R.aem4f : PowerMSP432_tirtos.oem4f (.text:PowerMSP432_sleepPolicy)
                  00004c1c    00000004     --HOLE-- [fill = 0]
                  00004c20    0000003c     sysbios.aem4f : BIOS.obj (.text:ti_sysbios_family_arm_m3_Hwi_excSvCall__I)
                  00004c5c    00000004     --HOLE-- [fill = 0]
                  00004c60    0000003c                   : BIOS.obj (.text:ti_sysbios_heaps_HeapMem_init__I)
                  00004c9c    00000004     --HOLE-- [fill = 0]
                  00004ca0    0000003c                   : BIOS.obj (.text:ti_sysbios_knl_Swi_restore__E)
                  00004cdc    00000004     --HOLE-- [fill = 0]
                  00004ce0    00000038                   : BIOS.obj (.text:ti_sysbios_family_arm_m3_Hwi_excNoIsr__I)
                  00004d18    00000038                   : BIOS.obj (.text:ti_sysbios_knl_Task_processVitalTaskFlag__I)
                  00004d50    00000038     ti.targets.arm.rtsarm.aem4f : SysMin.oem4f (.text:xdc_runtime_SysMin_putch__E)
                  00004d88    00000038                                 : System.oem4f (.text:xdc_runtime_System_atexit__E)
                  00004dc0    00000034     msp432p4xx_driverlib.lib : flash.o (.text:FlashCtl_enableReadBuffering)
                  00004df4    00000004     --HOLE-- [fill = 0]
                  00004df8    00000034     sysbios.aem4f : BIOS.obj (.text:ti_sysbios_family_arm_m3_Hwi_Instance_finalize__E)
                  00004e2c    00000004     --HOLE-- [fill = 0]
                  00004e30    00000034                   : BIOS.obj (.text:ti_sysbios_family_arm_m3_Hwi_excNmi__I)
                  00004e64    00000004     --HOLE-- [fill = 0]
                  00004e68    00000034                   : BIOS.obj (.text:ti_sysbios_hal_Hwi_checkStack)
                  00004e9c    00000034     ti.targets.arm.rtsarm.aem4f : Core-label.oem4f (.text:xdc_runtime_Core_assignLabel__I)
                  00004ed0    00000033                                 : Text.oem4f (.text:xdc_runtime_Text_printVisFxn__I)
                  00004f03    00000005     --HOLE-- [fill = 0]
                  00004f08    00000032     sysbios.aem4f : BIOS.obj (.text:ti_sysbios_hal_Hwi_initStack)
                  00004f3a    00000002     --HOLE-- [fill = 0]
                  00004f3c    00000030     msp432p4xx_driverlib.lib : gpio.o (.text:GPIO_getEnabledInterruptStatus)
                  00004f6c    00000030                              : gpio.o (.text:GPIO_setAsInputPinWithPullDownResistor)
                  00004f9c    00000030                              : gpio.o (.text:GPIO_setAsInputPinWithPullUpResistor)
                  00004fcc    00000030     drivers_MSP432P401R.aem4f : GPIOMSP432.oem4f (.text:GPIO_toggle)
                  00004ffc    00000030     empty_pem4f.oem4f (.text:ti_sysbios_BIOS_atExitFunc__I)
                  0000502c    00000030     empty_pem4f.oem4f (.text:ti_sysbios_BIOS_startFunc__I)
                  0000505c    00000004     --HOLE-- [fill = 0]
                  00005060    00000030     sysbios.aem4f : BIOS.obj (.text:ti_sysbios_family_arm_m3_TaskSupport_start__E)
                  00005090    00000030     empty_pem4f.oem4f (.text:ti_sysbios_gates_GateHwi_Object__create__S)
                  000050c0    00000030     empty_pem4f.oem4f (.text:ti_sysbios_gates_GateMutex_Object__create__S)
                  000050f0    00000030     empty_pem4f.oem4f (.text:ti_sysbios_heaps_HeapMem_Object__create__S)
                  00005120    00000030     empty_pem4f.oem4f (.text:ti_sysbios_knl_Semaphore_construct)
                  00005150    00000030     sysbios.aem4f : BIOS.obj (.text:ti_sysbios_knl_Semaphore_pendTimeout__I)
                  00005180    00000030                   : BIOS.obj (.text:ti_sysbios_knl_Task_unblockI__E)
                  000051b0    00000030     ti.targets.arm.rtsarm.aem4f : SysMin.oem4f (.text:xdc_runtime_SysMin_abort__E)
                  000051e0    00000030                                 : System.oem4f (.text:xdc_runtime_System_processAtExit__E)
                  00005210    0000002c     msp432p4xx_driverlib.lib : gpio.o (.text:GPIO_setAsInputPin)
                  0000523c    0000002c                              : pcm.o (.text:PCM_getCoreVoltageLevel)
                  00005268    0000002c     power_tirtos_MSP432P401R.aem4f : PowerMSP432_tirtos.oem4f (.text:PowerMSP432_updateFreqs)
                  00005294    0000002c     empty_pem4f.oem4f (.text:ti_sysbios_knl_Clock_doTick__I)
                  000052c0    0000002c     empty_pem4f.oem4f (.text:ti_sysbios_knl_Queue_construct)
                  000052ec    00000004     --HOLE-- [fill = 0]
                  000052f0    0000002c     sysbios.aem4f : BIOS.obj (.text:ti_sysbios_knl_Task_restore__E)
                  0000531c    0000002c     ti.targets.arm.rtsarm.aem4f : Text.oem4f (.text:xdc_runtime_Text_cordText__E)
                  00005348    0000002a     msp432p4xx_driverlib.lib : pcm.o (.text:PCM_getPowerMode)
                  00005372    0000002a     ti.targets.arm.rtsarm.aem4f : System.oem4f (.text:xdc_runtime_System_putchar__I)
                  0000539c    00000028     msp432p4xx_driverlib.lib : flash.o (.text:FlashCtl_setWaitState)
                  000053c4    00000028                              : pcm.o (.text:PCM_gotoLPM0)
                  000053ec    00000004     --HOLE-- [fill = 0]
                  000053f0    00000028     sysbios.aem4f : BIOS.obj (.text:ti_sysbios_knl_Clock_addI__E)
                  00005418    00000028                   : BIOS.obj (.text:ti_sysbios_knl_Swi_Module_startup__E)
                  00005440    00000026                   : m3_Hwi_asm.obj (.text:ti_sysbios_family_arm_m3_Hwi_pendSV__I)
                  00005466    00000026     ti.targets.arm.rtsarm.aem4f : System.oem4f (.text:xdc_runtime_System_avprintf__E)
                  0000548c    00000024     msp432p4xx_driverlib.lib : cs.o (.text:CS_setDCOCenteredFrequency)
                  000054b0    00000024                              : gpio.o (.text:GPIO_setAsOutputPin)
                  000054d4    00000024                              : rtc_c.o (.text:RTC_C_holdClock)
                  000054f8    00000024                              : rtc_c.o (.text:RTC_C_startClock)
                  0000551c    00000024     empty_pem4f.oem4f (.text:ti_sysbios_BIOS_errorRaiseHook__I)
                  00005540    00000024     empty_pem4f.oem4f (.text:ti_sysbios_BIOS_registerRTSLock__I)
                  00005564    00000024     empty_pem4f.oem4f (.text:ti_sysbios_BIOS_removeRTSLock__I)
                  00005588    00000024     sysbios.aem4f : BIOS.obj (.text:ti_sysbios_family_arm_msp432_ClockFreqs_setFrequency__E)
                  000055ac    00000024     empty_pem4f.oem4f (.text:ti_sysbios_gates_GateMutex_Object__delete__S)
                  000055d0    00000024     sysbios.aem4f : BIOS.obj (.text:ti_sysbios_knl_Clock_Module_startup__E)
                  000055f4    00000004     --HOLE-- [fill = 0]
                  000055f8    00000024                   : BIOS.obj (.text:ti_sysbios_knl_Task_restoreHwi__E)
                  0000561c    00000024     ti.targets.arm.rtsarm.aem4f : System.oem4f (.text:xdc_runtime_System_vprintf__E)
                  00005640    00000022     empty_pem4f.oem4f (.text:xdc_runtime_SysMin_output__I)
                  00005662    00000002     --HOLE-- [fill = 0]
                  00005664    00000020     msp432p4xx_driverlib.lib : gpio.o (.text:GPIO_interruptEdgeSelect)
                  00005684    00000020     empty_pem4f.oem4f (.text:ti_sysbios_BIOS_rtsLock__I)
                  000056a4    00000020     sysbios.aem4f : m3_Hwi_asm.obj (.text:ti_sysbios_family_arm_m3_Hwi_excHandlerAsm__I)
                  000056c4    00000004     --HOLE-- [fill = 0]
                  000056c8    00000020                   : BIOS.obj (.text:ti_sysbios_family_arm_m3_Hwi_excHandler__I)
                  000056e8    00000020     empty_pem4f.oem4f (.text:ti_sysbios_gates_GateHwi_Object__delete__S)
                  00005708    00000020     empty_pem4f.oem4f (.text:ti_sysbios_heaps_HeapMem_Object__delete__S)
                  00005728    00000020     sysbios.aem4f : BIOS.obj (.text:ti_sysbios_knl_Idle_run__E)
                  00005748    00000020     empty_pem4f.oem4f (.text:ti_sysbios_knl_Semaphore_Object__destruct__S)
                  00005768    00000020     ti.targets.arm.rtsarm.aem4f : Registry.oem4f (.text:xdc_runtime_Registry_findById__E)
                  00005788    00000020                                 : SysMin.oem4f (.text:xdc_runtime_SysMin_Module_startup__E)
                  000057a8    0000001e     sysbios.aem4f : m3_Hwi_asm_switch.obj (.text:ti_sysbios_family_xxx_Hwi_switchAndRunFunc)
                  000057c6    00000002     --HOLE-- [fill = 0]
                  000057c8    0000001c     msp432p4xx_driverlib.lib : pcm.o (.text:PCM_enableRudeMode)
                  000057e4    00000004     --HOLE-- [fill = 0]
                  000057e8    0000001c     sysbios.aem4f : BIOS.obj (.text:ti_sysbios_gates_GateMutex_Instance_init__E)
                  00005804    0000001c     empty_pem4f.oem4f (.text:ti_sysbios_knl_Queue_Object__destruct__S)
                  00005820    0000001c     sysbios.aem4f : BIOS.obj (.text:ti_sysbios_knl_Queue_put__E)
                  0000583c    00000004     --HOLE-- [fill = 0]
                  00005840    0000001c                   : BIOS.obj (.text:ti_sysbios_knl_Task_enter__I)
                  0000585c    0000001c     ti.targets.arm.rtsarm.aem4f : Error.oem4f (.text:xdc_runtime_Error_raiseX__E)
                  00005878    0000001c                                 : Memory.oem4f (.text:xdc_runtime_Memory_valloc__E)
                  00005894    0000001c                                 : SysMin.oem4f (.text:xdc_runtime_SysMin_exit__E)
                  000058b0    0000001c                                 : System.oem4f (.text:xdc_runtime_System_abort__E)
                  000058cc    0000001a     empty_pem4f.oem4f (.text:ti_sysbios_family_arm_m3_Hwi_Handle__label__S)
                  000058e6    0000001a     empty_pem4f.oem4f (.text:ti_sysbios_gates_GateHwi_Handle__label__S)
                  00005900    0000001a     empty_pem4f.oem4f (.text:ti_sysbios_gates_GateMutex_Handle__label__S)
                  0000591a    0000001a     empty_pem4f.oem4f (.text:ti_sysbios_heaps_HeapMem_Handle__label__S)
                  00005934    0000001a     empty_pem4f.oem4f (.text:ti_sysbios_knl_Swi_Handle__label__S)
                  0000594e    0000001a     empty_pem4f.oem4f (.text:ti_sysbios_knl_Task_Handle__label__S)
                  00005968    0000001a     empty_pem4f.oem4f (.text:xdc_runtime_System_aprintf__E)
                  00005982    0000001a     empty_pem4f.oem4f (.text:xdc_runtime_System_printf__E)
                  0000599c    00000018     msp432p4xx_driverlib.lib : gpio.o (.text:GPIO_clearInterruptFlag)
                  000059b4    00000018                              : gpio.o (.text:GPIO_setDriveStrengthLow)
                  000059cc    00000018                              : gpio.o (.text:GPIO_setOutputLowOnPin)
                  000059e4    00000018                              : wdt_a.o (.text:WDT_A_holdTimer)
                  000059fc    00000018     rtsv7M4_T_le_v4SPD16_eabi.lib : args_main.obj (.text)
                  00005a14    00000018     empty_pem4f.oem4f (.text:ti_sysbios_BIOS_rtsUnlock__I)
                  00005a2c    00000018     empty_pem4f.oem4f (.text:ti_sysbios_family_arm_m3_Hwi_Module__startupDone__F)
                  00005a44    00000018     sysbios.aem4f : m3_TaskSupport_asm.obj (.text:ti_sysbios_family_arm_m3_TaskSupport_swap__E)
                  00005a5c    00000018     empty_pem4f.oem4f (.text:ti_sysbios_family_arm_msp432_Timer_Module__startupDone__F)
                  00005a74    00000004     --HOLE-- [fill = 0]
                  00005a78    00000018     sysbios.aem4f : BIOS.obj (.text:ti_sysbios_gates_GateMutex_leave__E)
                  00005a90    00000018                   : BIOS.obj (.text:ti_sysbios_knl_Task_sleepTimeout__I)
                  00005aa8    00000018     ti.targets.arm.rtsarm.aem4f : Error.oem4f (.text:xdc_runtime_Error_check__E)
                  00005ac0    00000018                                 : System.oem4f (.text:xdc_runtime_System_exit__E)
                  00005ad8    00000018                                 : Text.oem4f (.text:xdc_runtime_Text_ropeText__E)
                  00005af0    00000016     empty_pem4f.oem4f (.text:ti_sysbios_BIOS_exitFunc__I)
                  00005b06    00000016     empty.obj (.text:ti_sysbios_knl_Task_Params_init)
                  00005b1c    00000014     msp432p4xx_driverlib.lib : gpio.o (.text:GPIO_setDriveStrengthHigh)
                  00005b30    00000014                              : gpio.o (.text:GPIO_setOutputHighOnPin)
                  00005b44    00000014                              : gpio.o (.text:GPIO_toggleOutputOnPin)
                  00005b58    00000014     drivers_MSP432P401R.aem4f : PowerMSP432.oem4f (.text:Power_idleFunc)
                  00005b6c    00000014     msp432p4xx_driverlib.lib : wdt_a.o (.text:WDT_A_startTimer)
                  00005b80    00000014     empty.obj (.text:heartBeatFxn)
                  00005b94    00000014     rtsv7M4_T_le_v4SPD16_eabi.lib : _lock.obj (.text)
                  00005ba8    00000014                                   : strcpy.obj (.text)
                  00005bbc    00000014                                   : strlen.obj (.text)
                  00005bd0    00000014     empty_pem4f.oem4f (.text:ti_sysbios_family_arm_m3_Hwi_Object__get__S)
                  00005be4    00000004     --HOLE-- [fill = 0]
                  00005be8    00000014     sysbios.aem4f : BIOS.obj (.text:ti_sysbios_family_arm_m3_Hwi_switchFromBootStack__E)
                  00005bfc    00000014     empty_pem4f.oem4f (.text:ti_sysbios_heaps_HeapMem_Object__get__S)
                  00005c10    00000014     empty_pem4f.oem4f (.text:ti_sysbios_knl_Swi_Object__get__S)
                  00005c24    00000004     --HOLE-- [fill = 0]
                  00005c28    00000012     sysbios.aem4f : BIOS.obj (.text:ti_sysbios_hal_Hwi_Module_startup__E)
                  00005c3a    00000012     empty_pem4f.oem4f (.text:xdc_runtime_Startup_exec__I)
                  00005c4c    00000010     msp432p4xx_driverlib.lib : gpio.o (.text:GPIO_getInterruptStatus)
                  00005c5c    00000010                              : pcm.o (.text:PCM_gotoLPM4)
                  00005c6c    00000004     --HOLE-- [fill = 0]
                  00005c70    00000010     sysbios.aem4f : BIOS.obj (.text:ti_sysbios_BIOS_setCpuFreq__E)
                  00005c80    00000010                   : BIOS.obj (.text:ti_sysbios_BIOS_setThreadType__E)
                  00005c90    00000010                   : BIOS.obj (.text:ti_sysbios_BIOS_start__E)
                  00005ca0    00000010                   : m3_TaskSupport_asm.obj (.text:ti_sysbios_family_arm_m3_TaskSupport_glue)
                  00005cb0    00000010                   : BIOS.obj (.text:ti_sysbios_family_arm_msp432_init_Boot_disableWatchdog)
                  00005cc0    00000010                   : BIOS.obj (.text:ti_sysbios_gates_GateMutex_Instance_finalize__E)
                  00005cd0    00000010                   : BIOS.obj (.text:ti_sysbios_knl_Semaphore_Instance_finalize__E)
                  00005ce0    00000010                   : BIOS.obj (.text:ti_sysbios_knl_Swi_disable__E)
                  00005cf0    00000010     empty_pem4f.oem4f (.text:ti_sysbios_knl_Task_Object__get__S)
                  00005d00    00000010     sysbios.aem4f : BIOS.obj (.text:ti_sysbios_knl_Task_disable__E)
                  00005d10    00000010     ti.targets.arm.rtsarm.aem4f : Gate.oem4f (.text:xdc_runtime_Gate_leaveSystem__E)
                  00005d20    00000010                                 : Memory.oem4f (.text:xdc_runtime_Memory_free__E)
                  00005d30    00000010                                 : SysMin.oem4f (.text:xdc_runtime_SysMin_ready__E)
                  00005d40    00000010                                 : System.oem4f (.text:xdc_runtime_System_vsnprintf__E)
                  00005d50    00000010     empty_pem4f.oem4f (.text:xdc_runtime_Text_visitRope__I)
                  00005d60    0000000e     tirtosport.aem4f : HwiP_tirtos.oem4f (.text:HwiP_Params_init)
                  00005d6e    0000000e     rtsv7M4_T_le_v4SPD16_eabi.lib : copy_decompress_none.obj (.text:decompress:none)
                  00005d7c    00000004     --HOLE-- [fill = 0]
                  00005d80    0000000e     sysbios.aem4f : BIOS.obj (.text:ti_sysbios_knl_Idle_loop__E)
                  00005d8e    00000002     --HOLE-- [fill = 0]
                  00005d90    0000000e                   : BIOS.obj (.text:ti_sysbios_knl_Queue_empty__E)
                  00005d9e    0000000c     empty_pem4f.oem4f (.text:.bootCodeSection:ti_sysbios_family_arm_msp432_init_Boot_init__I)
                  00005daa    0000000c     msp432p4xx_driverlib.lib : cpu.o (.text:CPU_cpsid)
                  00005db6    0000000c                              : cpu.o (.text:CPU_cpsie)
                  00005dc2    00000002     --HOLE-- [fill = 0]
                  00005dc4    0000000c                              : pcm.o (.text:PCM_getPowerState)
                  00005dd0    0000000c     drivers_MSP432P401R.aem4f : PowerMSP432.oem4f (.text:Power_getConstraintMask)
                  00005ddc    0000000c     rtsv7M4_T_le_v4SPD16_eabi.lib : copy_zero_init.obj (.text:decompress:ZI)
                  00005de8    0000000c     empty_pem4f.oem4f (.text:ti_sysbios_family_arm_m3_Hwi_Params__init__S)
                  00005df4    00000004     --HOLE-- [fill = 0]
                  00005df8    0000000c     sysbios.aem4f : BIOS.obj (.text:ti_sysbios_family_arm_m3_Hwi_disableFxn__E)
                  00005e04    00000004     --HOLE-- [fill = 0]
                  00005e08    0000000c                   : BIOS.obj (.text:ti_sysbios_family_arm_m3_TaskSupport_checkStack__E)
                  00005e14    00000004     --HOLE-- [fill = 0]
                  00005e18    0000000c                   : BIOS.obj (.text:ti_sysbios_family_arm_m3_TaskSupport_getStackAlignment__E)
                  00005e24    00000004     --HOLE-- [fill = 0]
                  00005e28    0000000c                   : BIOS.obj (.text:ti_sysbios_family_arm_msp432_Timer_getMaxTicks__E)
                  00005e34    00000004     --HOLE-- [fill = 0]
                  00005e38    0000000c                   : BIOS.obj (.text:ti_sysbios_gates_GateHwi_enter__E)
                  00005e44    0000000c     empty_pem4f.oem4f (.text:ti_sysbios_knl_Queue_Object__get__S)
                  00005e50    0000000c     empty_pem4f.oem4f (.text:ti_sysbios_knl_Task_Params__init__S)
                  00005e5c    0000000c     ti.targets.arm.rtsarm.aem4f : Error.oem4f (.text:xdc_runtime_Error_init__E)
                  00005e68    0000000c                                 : Gate.oem4f (.text:xdc_runtime_Gate_enterSystem__E)
                  00005e74    0000000c                                 : Memory.oem4f (.text:xdc_runtime_Memory_calloc__E)
                  00005e80    0000000c                                 : Memory.oem4f (.text:xdc_runtime_Memory_getMaxDefaultTypeAlign__E)
                  00005e8c    0000000c                                 : Startup.oem4f (.text:xdc_runtime_Startup_rtsDone__E)
                  00005e98    0000000a     empty_pem4f.oem4f (.text:xdc_runtime_IHeap_alloc)
                  00005ea2    0000000a     empty_pem4f.oem4f (.text:xdc_runtime_IHeap_free)
                  00005eac    00000008     MSP_EXP432P401R.obj (.text:MSP_EXP432P401R_initGPIO)
                  00005eb4    00000008     MSP_EXP432P401R.obj (.text:MSP_EXP432P401R_initGeneral)
                  00005ebc    00000008     msp432p4xx_driverlib.lib : pcm.o (.text:PCM_setPowerMode)
                  00005ec4    00000008                              : pcm.o (.text:PCM_setPowerState)
                  00005ecc    00000004     --HOLE-- [fill = 0]
                  00005ed0    00000008     sysbios.aem4f : BIOS.obj (.text:ti_sysbios_family_arm_m3_Hwi_doSwiRestore__I)
                  00005ed8    00000008                   : BIOS.obj (.text:ti_sysbios_family_arm_m3_Hwi_startup__E)
                  00005ee0    00000006                   : BIOS.obj (.text:ti_sysbios_family_arm_m3_Hwi_doTaskRestore__I)
                  00005ee6    00000002     --HOLE-- [fill = 0]
                  00005ee8    00000006                   : BIOS.obj (.text:ti_sysbios_family_arm_m3_Hwi_restoreFxn__E)
                  00005eee    00000002     --HOLE-- [fill = 0]
                  00005ef0    00000006                   : BIOS.obj (.text:ti_sysbios_gates_GateHwi_leave__E)
                  00005ef6    00000002     --HOLE-- [fill = 0]
                  00005ef8    00000006                   : BIOS.obj (.text:ti_sysbios_heaps_HeapMem_isBlocking__E)
                  00005efe    00000002     --HOLE-- [fill = 0]
                  00005f00    00000006                   : BIOS.obj (.text:ti_sysbios_knl_Queue_Instance_init__E)
                  00005f06    00000002     --HOLE-- [fill = 0]
                  00005f08    00000006                   : BIOS.obj (.text:ti_sysbios_knl_Swi_startup__E)
                  00005f0e    00000002     --HOLE-- [fill = 0]
                  00005f10    00000004                   : BIOS.obj (.text:ti_sysbios_gates_GateHwi_query__E)
                  00005f14    00000004     --HOLE-- [fill = 0]
                  00005f18    00000004                   : BIOS.obj (.text:ti_sysbios_gates_GateMutex_query__E)
                  00005f1c    00000004     --HOLE-- [fill = 0]
                  00005f20    00000004                   : BIOS.obj (.text:ti_sysbios_knl_Task_startup__E)
                  00005f24    00000004     --HOLE-- [fill = 0]
                  00005f28    00000002                   : BIOS.obj (.text:ti_sysbios_BIOS_linkedWithIncorrectBootLibrary__E)
                  00005f2a    00000006     --HOLE-- [fill = 0]
                  00005f30    00000002                   : BIOS.obj (.text:ti_sysbios_gates_GateHwi_Instance_init__E)
                  00005f32    00000006     --HOLE-- [fill = 0]
                  00005f38    00000002                   : BIOS.obj (.text:ti_sysbios_knl_Clock_logTick__E)

.const     0    00005f3c    00001d9e     
                  00005f3c    0000181b     empty_pem4f.oem4f (.const:xdc_runtime_Text_charTab__A)
                  00007757    00000001     empty_pem4f.oem4f (.const:xdc_runtime_Error_policy__C)
                  00007758    000000b0     empty_pem4f.oem4f (.const:xdc_runtime_Text_nodeTab__A)
                  00007808    00000048     empty_pem4f.oem4f (.const:.string)
                  00007850    0000003c     empty_pem4f.oem4f (.const:ti_sysbios_knl_Task_Object__PARAMS__C)
                  0000788c    00000030     empty_pem4f.oem4f (.const:ti_sysbios_family_arm_m3_Hwi_Object__PARAMS__C)
                  000078bc    00000028     empty_pem4f.oem4f (.const:ti_sysbios_heaps_HeapMem_Module__FXNS__C)
                  000078e4    00000024     empty_pem4f.oem4f (.const:ti_sysbios_gates_GateHwi_Module__FXNS__C)
                  00007908    00000024     empty_pem4f.oem4f (.const:ti_sysbios_gates_GateMutex_Module__FXNS__C)
                  0000792c    00000024     empty_pem4f.oem4f (.const:ti_sysbios_heaps_HeapMem_Object__PARAMS__C)
                  00007950    00000024     empty_pem4f.oem4f (.const:ti_sysbios_knl_Semaphore_Object__PARAMS__C)
                  00007974    00000020     empty_pem4f.oem4f (.const:ti_sysbios_family_arm_m3_Hwi_Object__DESC__C)
                  00007994    00000020     empty_pem4f.oem4f (.const:ti_sysbios_gates_GateHwi_Object__DESC__C)
                  000079b4    00000020     empty_pem4f.oem4f (.const:ti_sysbios_gates_GateMutex_Object__DESC__C)
                  000079d4    00000020     empty_pem4f.oem4f (.const:ti_sysbios_heaps_HeapMem_Object__DESC__C)
                  000079f4    00000020     empty_pem4f.oem4f (.const:ti_sysbios_knl_Queue_Object__DESC__C)
                  00007a14    00000020     empty_pem4f.oem4f (.const:ti_sysbios_knl_Semaphore_Object__DESC__C)
                  00007a34    00000020     empty_pem4f.oem4f (.const:ti_sysbios_knl_Task_Object__DESC__C)
                  00007a54    00000020     empty_pem4f.oem4f (.const:xdc_runtime_Startup_sfxnTab__A)
                  00007a74    00000018     empty_pem4f.oem4f (.const:ti_sysbios_gates_GateHwi_Object__PARAMS__C)
                  00007a8c    00000018     empty_pem4f.oem4f (.const:ti_sysbios_gates_GateMutex_Object__PARAMS__C)
                  00007aa4    00000018     empty_pem4f.oem4f (.const:ti_sysbios_knl_Queue_Object__PARAMS__C)
                  00007abc    00000014     MSP_EXP432P401R.obj (.const:GPIOMSP432_config)
                  00007ad0    00000010     MSP_EXP432P401R.obj (.const:PowerMSP432_config)
                  00007ae0    00000010     empty_pem4f.oem4f (.const:xdc_runtime_Startup_sfxnRts__A)
                  00007af0    0000000c     drivers_MSP432P401R.aem4f : GPIOMSP432.oem4f (.const:.string)
                  00007afc    0000000c     empty_pem4f.oem4f (.const:xdc_runtime_Startup_firstFxns__A)
                  00007b08    00000008     empty_pem4f.oem4f (.const:ti_sysbios_family_arm_m3_Hwi_excHookFuncs__A)
                  00007b10    00000008     empty_pem4f.oem4f (.const:ti_sysbios_knl_Idle_funcList__A)
                  00007b18    00000008     empty_pem4f.oem4f (.const:ti_sysbios_knl_Idle_funcList__C)
                  00007b20    00000008     empty_pem4f.oem4f (.const:xdc_runtime_Startup_firstFxns__C)
                  00007b28    00000008     empty_pem4f.oem4f (.const:xdc_runtime_Startup_lastFxns__C)
                  00007b30    00000004     empty_pem4f.oem4f (.const:ti_sysbios_family_arm_m3_Hwi_E_NMI__C)
                  00007b34    00000004     empty_pem4f.oem4f (.const:ti_sysbios_family_arm_m3_Hwi_E_alreadyDefined__C)
                  00007b38    00000004     empty_pem4f.oem4f (.const:ti_sysbios_family_arm_m3_Hwi_E_busFault__C)
                  00007b3c    00000004     empty_pem4f.oem4f (.const:ti_sysbios_family_arm_m3_Hwi_E_debugMon__C)
                  00007b40    00000004     empty_pem4f.oem4f (.const:ti_sysbios_family_arm_m3_Hwi_E_hardFault__C)
                  00007b44    00000004     empty_pem4f.oem4f (.const:ti_sysbios_family_arm_m3_Hwi_E_memFault__C)
                  00007b48    00000004     empty_pem4f.oem4f (.const:ti_sysbios_family_arm_m3_Hwi_E_noIsr__C)
                  00007b4c    00000004     empty_pem4f.oem4f (.const:ti_sysbios_family_arm_m3_Hwi_E_reserved__C)
                  00007b50    00000004     empty_pem4f.oem4f (.const:ti_sysbios_family_arm_m3_Hwi_E_svCall__C)
                  00007b54    00000004     empty_pem4f.oem4f (.const:ti_sysbios_family_arm_m3_Hwi_E_usageFault__C)
                  00007b58    00000004     empty_pem4f.oem4f (.const:ti_sysbios_family_arm_m3_Hwi_NUM_INTERRUPTS__C)
                  00007b5c    00000004     empty_pem4f.oem4f (.const:ti_sysbios_family_arm_m3_Hwi_Object__count__C)
                  00007b60    00000004     empty_pem4f.oem4f (.const:ti_sysbios_family_arm_m3_Hwi_ccr__C)
                  00007b64    00000004     empty_pem4f.oem4f (.const:ti_sysbios_family_arm_m3_Hwi_excHandlerFunc__C)
                  00007b68    00000004     empty_pem4f.oem4f (.const:ti_sysbios_family_arm_m3_Hwi_excHookFuncs__C)
                  00007b6c    00000004     empty_pem4f.oem4f (.const:ti_sysbios_family_arm_m3_Hwi_nullIsrFunc__C)
                  00007b70    00000004     empty_pem4f.oem4f (.const:ti_sysbios_family_arm_m3_Hwi_priGroup__C)
                  00007b74    00000004     empty_pem4f.oem4f (.const:ti_sysbios_family_arm_m3_TaskSupport_stackAlignment__C)
                  00007b78    00000004     empty_pem4f.oem4f (.const:ti_sysbios_family_arm_msp432_Timer_numTimerDevices__C)
                  00007b7c    00000004     empty_pem4f.oem4f (.const:ti_sysbios_family_arm_msp432_Timer_startupNeeded__C)
                  00007b80    00000004     empty_pem4f.oem4f (.const:ti_sysbios_gates_GateMutex_A_badContext__C)
                  00007b84    00000004     empty_pem4f.oem4f (.const:ti_sysbios_gates_GateMutex_Instance_State_sem__O)
                  00007b88    00000004     empty_pem4f.oem4f (.const:ti_sysbios_gates_GateMutex_Module__diagsEnabled__C)
                  00007b8c    00000004     empty_pem4f.oem4f (.const:ti_sysbios_gates_GateMutex_Module__diagsIncluded__C)
                  00007b90    00000004     empty_pem4f.oem4f (.const:ti_sysbios_gates_GateMutex_Module__diagsMask__C)
                  00007b94    00000004     empty_pem4f.oem4f (.const:ti_sysbios_hal_Hwi_E_stackOverflow__C)
                  00007b98    00000004     empty_pem4f.oem4f (.const:ti_sysbios_heaps_HeapMem_A_align__C)
                  00007b9c    00000004     empty_pem4f.oem4f (.const:ti_sysbios_heaps_HeapMem_A_heapSize__C)
                  00007ba0    00000004     empty_pem4f.oem4f (.const:ti_sysbios_heaps_HeapMem_A_invalidFree__C)
                  00007ba4    00000004     empty_pem4f.oem4f (.const:ti_sysbios_heaps_HeapMem_A_zeroBlock__C)
                  00007ba8    00000004     empty_pem4f.oem4f (.const:ti_sysbios_heaps_HeapMem_E_memory__C)
                  00007bac    00000004     empty_pem4f.oem4f (.const:ti_sysbios_heaps_HeapMem_Module__diagsEnabled__C)
                  00007bb0    00000004     empty_pem4f.oem4f (.const:ti_sysbios_heaps_HeapMem_Module__diagsIncluded__C)
                  00007bb4    00000004     empty_pem4f.oem4f (.const:ti_sysbios_heaps_HeapMem_Module__diagsMask__C)
                  00007bb8    00000004     empty_pem4f.oem4f (.const:ti_sysbios_heaps_HeapMem_Module__gateObj__C)
                  00007bbc    00000004     empty_pem4f.oem4f (.const:ti_sysbios_heaps_HeapMem_Object__count__C)
                  00007bc0    00000004     empty_pem4f.oem4f (.const:ti_sysbios_heaps_HeapMem_reqAlign__C)
                  00007bc4    00000004     empty_pem4f.oem4f (.const:ti_sysbios_knl_Clock_Module_State_clockQ__O)
                  00007bc8    00000004     empty_pem4f.oem4f (.const:ti_sysbios_knl_Semaphore_A_badContext__C)
                  00007bcc    00000004     empty_pem4f.oem4f (.const:ti_sysbios_knl_Semaphore_A_noEvents__C)
                  00007bd0    00000004     empty_pem4f.oem4f (.const:ti_sysbios_knl_Semaphore_A_overflow__C)
                  00007bd4    00000004     empty_pem4f.oem4f (.const:ti_sysbios_knl_Semaphore_A_pendTaskDisabled__C)
                  00007bd8    00000004     empty_pem4f.oem4f (.const:ti_sysbios_knl_Semaphore_Instance_State_pendQ__O)
                  00007bdc    00000004     empty_pem4f.oem4f (.const:ti_sysbios_knl_Semaphore_Module__diagsEnabled__C)
                  00007be0    00000004     empty_pem4f.oem4f (.const:ti_sysbios_knl_Semaphore_Module__diagsIncluded__C)
                  00007be4    00000004     empty_pem4f.oem4f (.const:ti_sysbios_knl_Semaphore_Module__diagsMask__C)
                  00007be8    00000004     empty_pem4f.oem4f (.const:ti_sysbios_knl_Swi_Object__count__C)
                  00007bec    00000004     empty_pem4f.oem4f (.const:ti_sysbios_knl_Task_A_badPriority__C)
                  00007bf0    00000004     empty_pem4f.oem4f (.const:ti_sysbios_knl_Task_A_badTaskState__C)
                  00007bf4    00000004     empty_pem4f.oem4f (.const:ti_sysbios_knl_Task_A_badThreadType__C)
                  00007bf8    00000004     empty_pem4f.oem4f (.const:ti_sysbios_knl_Task_A_badTimeout__C)
                  00007bfc    00000004     empty_pem4f.oem4f (.const:ti_sysbios_knl_Task_A_noPendElem__C)
                  00007c00    00000004     empty_pem4f.oem4f (.const:ti_sysbios_knl_Task_A_sleepTaskDisabled__C)
                  00007c04    00000004     empty_pem4f.oem4f (.const:ti_sysbios_knl_Task_E_spOutOfBounds__C)
                  00007c08    00000004     empty_pem4f.oem4f (.const:ti_sysbios_knl_Task_E_stackOverflow__C)
                  00007c0c    00000004     empty_pem4f.oem4f (.const:ti_sysbios_knl_Task_Module_State_inactiveQ__O)
                  00007c10    00000004     empty_pem4f.oem4f (.const:ti_sysbios_knl_Task_Module__diagsEnabled__C)
                  00007c14    00000004     empty_pem4f.oem4f (.const:ti_sysbios_knl_Task_Module__diagsIncluded__C)
                  00007c18    00000004     empty_pem4f.oem4f (.const:ti_sysbios_knl_Task_Module__diagsMask__C)
                  00007c1c    00000004     empty_pem4f.oem4f (.const:ti_sysbios_knl_Task_Object__count__C)
                  00007c20    00000004     empty_pem4f.oem4f (.const:ti_sysbios_knl_Task_allBlockedFunc__C)
                  00007c24    00000004     empty_pem4f.oem4f (.const:ti_sysbios_knl_Task_defaultStackHeap__C)
                  00007c28    00000004     empty_pem4f.oem4f (.const:ti_sysbios_knl_Task_defaultStackSize__C)
                  00007c2c    00000004     empty_pem4f.oem4f (.const:ti_sysbios_knl_Task_numConstructedTasks__C)
                  00007c30    00000004     empty_pem4f.oem4f (.const:xdc_runtime_Assert_E_assertFailed__C)
                  00007c34    00000004     empty_pem4f.oem4f (.const:xdc_runtime_Core_A_initializedParams__C)
                  00007c38    00000004     empty_pem4f.oem4f (.const:xdc_runtime_Core_Module__diagsEnabled__C)
                  00007c3c    00000004     empty_pem4f.oem4f (.const:xdc_runtime_Core_Module__diagsIncluded__C)
                  00007c40    00000004     empty_pem4f.oem4f (.const:xdc_runtime_Core_Module__diagsMask__C)
                  00007c44    00000004     empty_pem4f.oem4f (.const:xdc_runtime_Error_E_memory__C)
                  00007c48    00000004     empty_pem4f.oem4f (.const:xdc_runtime_Error_Module__diagsEnabled__C)
                  00007c4c    00000004     empty_pem4f.oem4f (.const:xdc_runtime_Error_Module__diagsIncluded__C)
                  00007c50    00000004     empty_pem4f.oem4f (.const:xdc_runtime_Error_Module__diagsMask__C)
                  00007c54    00000004     empty_pem4f.oem4f (.const:xdc_runtime_Error_Module__loggerFxn8__C)
                  00007c58    00000004     empty_pem4f.oem4f (.const:xdc_runtime_Error_Module__loggerObj__C)
                  00007c5c    00000004     empty_pem4f.oem4f (.const:xdc_runtime_Error_policyFxn__C)
                  00007c60    00000004     empty_pem4f.oem4f (.const:xdc_runtime_Error_raiseHook__C)
                  00007c64    00000004     empty_pem4f.oem4f (.const:xdc_runtime_IGateProvider_Interface__BASE__C)
                  00007c68    00000004     empty_pem4f.oem4f (.const:xdc_runtime_IHeap_Interface__BASE__C)
                  00007c6c    00000004     empty_pem4f.oem4f (.const:xdc_runtime_IModule_Interface__BASE__C)
                  00007c70    00000004     empty_pem4f.oem4f (.const:xdc_runtime_Log_L_error__C)
                  00007c74    00000004     empty_pem4f.oem4f (.const:xdc_runtime_Memory_defaultHeapInstance__C)
                  00007c78    00000004     empty_pem4f.oem4f (.const:xdc_runtime_Startup_execImpl__C)
                  00007c7c    00000004     empty_pem4f.oem4f (.const:xdc_runtime_Startup_maxPasses__C)
                  00007c80    00000004     empty_pem4f.oem4f (.const:xdc_runtime_Startup_sfxnRts__C)
                  00007c84    00000004     empty_pem4f.oem4f (.const:xdc_runtime_Startup_sfxnTab__C)
                  00007c88    00000004     empty_pem4f.oem4f (.const:xdc_runtime_SysMin_bufSize__C)
                  00007c8c    00000004     empty_pem4f.oem4f (.const:xdc_runtime_SysMin_outputFunc__C)
                  00007c90    00000004     empty_pem4f.oem4f (.const:xdc_runtime_System_Module__gateObj__C)
                  00007c94    00000004     empty_pem4f.oem4f (.const:xdc_runtime_System_abortFxn__C)
                  00007c98    00000004     empty_pem4f.oem4f (.const:xdc_runtime_System_exitFxn__C)
                  00007c9c    00000004     empty_pem4f.oem4f (.const:xdc_runtime_System_extendFxn__C)
                  00007ca0    00000004     empty_pem4f.oem4f (.const:xdc_runtime_System_maxAtexitHandlers__C)
                  00007ca4    00000004     empty_pem4f.oem4f (.const:xdc_runtime_Text_charTab__C)
                  00007ca8    00000004     empty_pem4f.oem4f (.const:xdc_runtime_Text_nameEmpty__C)
                  00007cac    00000004     empty_pem4f.oem4f (.const:xdc_runtime_Text_nameStatic__C)
                  00007cb0    00000004     empty_pem4f.oem4f (.const:xdc_runtime_Text_nameUnknown__C)
                  00007cb4    00000004     empty_pem4f.oem4f (.const:xdc_runtime_Text_nodeTab__C)
                  00007cb8    00000004     empty_pem4f.oem4f (.const:xdc_runtime_Text_visitRopeFxn__C)
                  00007cbc    00000002     empty_pem4f.oem4f (.const:ti_sysbios_family_arm_m3_Hwi_Module__id__C)
                  00007cbe    00000002     empty_pem4f.oem4f (.const:ti_sysbios_gates_GateMutex_Module__id__C)
                  00007cc0    00000002     empty_pem4f.oem4f (.const:ti_sysbios_hal_Hwi_Module__id__C)
                  00007cc2    00000002     empty_pem4f.oem4f (.const:ti_sysbios_heaps_HeapMem_Module__id__C)
                  00007cc4    00000002     empty_pem4f.oem4f (.const:ti_sysbios_knl_Semaphore_Module__id__C)
                  00007cc6    00000002     empty_pem4f.oem4f (.const:ti_sysbios_knl_Task_Module__id__C)
                  00007cc8    00000002     empty_pem4f.oem4f (.const:xdc_runtime_Core_Module__id__C)
                  00007cca    00000002     empty_pem4f.oem4f (.const:xdc_runtime_Error_Module__loggerDefined__C)
                  00007ccc    00000002     empty_pem4f.oem4f (.const:xdc_runtime_Error_maxDepth__C)
                  00007cce    00000002     empty_pem4f.oem4f (.const:xdc_runtime_Memory_Module__id__C)
                  00007cd0    00000002     empty_pem4f.oem4f (.const:xdc_runtime_SysMin_flushAtExit__C)
                  00007cd2    00000002     empty_pem4f.oem4f (.const:xdc_runtime_Text_charCnt__C)
                  00007cd4    00000002     empty_pem4f.oem4f (.const:xdc_runtime_Text_isLoaded__C)
                  00007cd6    00000002     empty_pem4f.oem4f (.const:xdc_runtime_Text_registryModsLastId__C)
                  00007cd8    00000002     empty_pem4f.oem4f (.const:xdc_runtime_Text_unnamedModsLastId__C)

.cinit     0    00007ce0    00000260     
                  00007ce0    0000022a     (.cinit..data.load) [load image, compression = lzss]
                  00007f0a    00000002     --HOLE-- [fill = 0]
                  00007f0c    0000000c     (__TI_handler_table)
                  00007f18    00000008     (.cinit..bss.load) [load image, compression = zero_init]
                  00007f20    00000008     (.cinit..vecs.load) [load image, compression = zero_init]
                  00007f28    00000018     (__TI_cinit_table)

.resetVecs 
*          0    00000000    0000003c     
                  00000000    0000003c     empty_pem4f.oem4f (.resetVecs)

.vecs      0    20000000    00000140     UNINITIALIZED
                  20000000    00000140     empty_pem4f.oem4f (.vecs)

.bss       0    20000140    00000b68     UNINITIALIZED
                  20000140    00000400     (.common:ti_sysbios_heaps_HeapMem_Instance_State_0_buf__A)
                  20000540    00000200     empty_pem4f.oem4f (.bss:taskStackSection)
                  20000740    00000200     (.common:task0Stack)
                  20000940    00000140     (.common:ti_sysbios_family_arm_m3_Hwi_dispatchTable)
                  20000a80    00000120     rtsv7M4_T_le_v4SPD16_eabi.lib : trgmsg.obj (.bss:_CIOBUF_)
                  20000ba0    00000080     (.common:xdc_runtime_SysMin_Module_State_0_outbuf__A)
                  20000c20    00000050     (.common:task0Struct)
                  20000c70    00000030     drivers_MSP432P401R.aem4f : GPIOMSP432.oem4f (.bss:gpioCallbackInfo)
                  20000ca0    00000008     rtsv7M4_T_le_v4SPD16_eabi.lib : trgdrv.obj (.bss:parmbuf)

.data      0    20000ca8    000004fd     UNINITIALIZED
                  20000ca8    0000009c     drivers_MSP432P401R.aem4f : PowerMSP432.oem4f (.data:PowerMSP432_perfLevels)
                  20000d44    00000080     empty_pem4f.oem4f (.data:ti_sysbios_knl_Swi_Module_State_0_readyQ__A)
                  20000dc4    00000080     empty_pem4f.oem4f (.data:ti_sysbios_knl_Task_Module_State_0_readyQ__A)
                  20000e44    0000004c     empty_pem4f.oem4f (.data:ti_sysbios_family_arm_msp432_Timer_Object__table__V)
                  20000e90    0000004c     empty_pem4f.oem4f (.data:ti_sysbios_knl_Task_Object__table__V)
                  20000edc    00000044     empty_pem4f.oem4f (.data:ti_sysbios_knl_Task_Module__state__V)
                  20000f20    00000038     empty_pem4f.oem4f (.data:ti_sysbios_gates_GateMutex_Object__table__V)
                  20000f58    00000034     empty_pem4f.oem4f (.data:ti_sysbios_family_arm_m3_Hwi_Module__state__V)
                  20000f8c    00000030     msp432p4xx_driverlib.lib : gpio.o (.data:GPIO_PORT_TO_BASE)
                  20000fbc    00000030     empty_pem4f.oem4f (.data:ti_sysbios_knl_Swi_Object__table__V)
                  20000fec    0000002c     empty_pem4f.oem4f (.data:ti_sysbios_knl_Clock_Module__state__V)
                  20001018    00000028     drivers_MSP432P401R.aem4f : PowerMSP432.oem4f (.data:PowerMSP432_module)
                  20001040    00000024     empty_pem4f.oem4f (.data:ti_sysbios_BIOS_Module__state__V)
                  20001064    00000020     empty_pem4f.oem4f (.data:ti_sysbios_family_arm_msp432_Timer_Module_State_0_device__A)
                  20001084    0000001c     empty_pem4f.oem4f (.data:ti_sysbios_knl_Swi_Module__state__V)
                  200010a0    00000018     empty_pem4f.oem4f (.data:ti_sysbios_family_arm_m3_Hwi_Object__table__V)
                  200010b8    00000018     empty_pem4f.oem4f (.data:ti_sysbios_heaps_HeapMem_Object__table__V)
                  200010d0    00000010     MSP_EXP432P401R.obj (.data:gpioPinConfigs)
                  200010e0    00000010     empty_pem4f.oem4f (.data:ti_sysbios_family_arm_msp432_Timer_Module_State_0_handles__A)
                  200010f0    0000000c     rtsv7M4_T_le_v4SPD16_eabi.lib : exit.obj (.data:$O1$$)
                  200010fc    0000000c     empty_pem4f.oem4f (.data:ti_sysbios_family_arm_msp432_ClockFreqs_Module__state__V)
                  20001108    0000000c     empty_pem4f.oem4f (.data:ti_sysbios_family_arm_msp432_Timer_Module__state__V)
                  20001114    0000000c     empty_pem4f.oem4f (.data:xdc_runtime_SysMin_Module__state__V)
                  20001120    00000008     rtsv7M4_T_le_v4SPD16_eabi.lib : _lock.obj (.data:$O1$$)
                  20001128    00000008     MSP_EXP432P401R.obj (.data:gpioCallbackFunctions)
                  20001130    00000008     empty_pem4f.oem4f (.data:ti_sysbios_family_arm_m3_Hwi_Module__root__V)
                  20001138    00000008     empty_pem4f.oem4f (.data:ti_sysbios_gates_GateHwi_Module__root__V)
                  20001140    00000008     empty_pem4f.oem4f (.data:ti_sysbios_gates_GateMutex_Module__root__V)
                  20001148    00000008     empty_pem4f.oem4f (.data:ti_sysbios_heaps_HeapMem_Module__root__V)
                  20001150    00000008     empty_pem4f.oem4f (.data:ti_sysbios_knl_Queue_Module__root__V)
                  20001158    00000008     empty_pem4f.oem4f (.data:ti_sysbios_knl_Semaphore_Module__root__V)
                  20001160    00000008     empty_pem4f.oem4f (.data:ti_sysbios_knl_Task_Module__root__V)
                  20001168    00000008     empty_pem4f.oem4f (.data:xdc_runtime_Registry_Module__state__V)
                  20001170    00000008     empty_pem4f.oem4f (.data:xdc_runtime_Startup_Module__state__V)
                  20001178    00000008     empty_pem4f.oem4f (.data:xdc_runtime_System_Module_State_0_atexitHandlers__A)
                  20001180    00000008     empty_pem4f.oem4f (.data:xdc_runtime_System_Module__state__V)
                  20001188    00000004     rtsv7M4_T_le_v4SPD16_eabi.lib : stkdepth_vars.obj (.data)
                  2000118c    00000004     empty_pem4f.oem4f (.data:ti_sysbios_family_arm_m3_Hwi_Module_State_0_excContext__A)
                  20001190    00000004     empty_pem4f.oem4f (.data:ti_sysbios_family_arm_m3_Hwi_Module_State_0_excStack__A)
                  20001194    00000004     empty_pem4f.oem4f (.data:ti_sysbios_gates_GateHwi_Object__table__V)
                  20001198    00000004     empty_pem4f.oem4f (.data:ti_sysbios_knl_Task_Module_State_0_idleTask__A)
                  2000119c    00000004     empty_pem4f.oem4f (.data:xdc_runtime_Memory_Module__state__V)
                  200011a0    00000002     empty_pem4f.oem4f (.data:ti_sysbios_family_arm_m3_Hwi_Module_State_0_excActive__A)
                  200011a2    00000002     empty_pem4f.oem4f (.data:xdc_runtime_Error_Module__state__V)
                  200011a4    00000001     drivers_MSP432P401R.aem4f : GPIOMSP432.oem4f (.data)

.stack     0    2000fd00    00000300     UNINITIALIZED
                  2000fd00    00000300     --HOLE--

.bootVecs 
*          0    00000000    00000008     DSECT
                  00000000    00000008     boot.aem4f : boot.oem4f (.bootVecs)

xdc.meta   0    00000000    000000dc     COPY SECTION
                  00000000    000000dc     empty_pem4f.oem4f (xdc.meta)

.binit     0    00000000    00000000     

MODULE SUMMARY

       Module                     code    ro data   rw data
       ------                     ----    -------   -------
    .\
       empty.obj                  238     0         592    
       MSP_EXP432P401R.obj        16      36        24     
    +--+--------------------------+-------+---------+---------+
       Total:                     254     36        616    
                                                           
    C:\Users\Tom\workspace_v7\kranioz\Debug\configPkg\package\cfg\
       empty_pem4f.oem4f          1652    7594      3288   
    +--+--------------------------+-------+---------+---------+
       Total:                     1652    7594      3288   
                                                           
    C:/ti/tirex-content/tirtos_msp43x_2_20_00_06/products/msp432_driverlib_3_21_00_05/driverlib/MSP432P4xx/ccs/msp432p4xx_driverlib.lib
       pcm.o                      1214    0         0      
       gpio.o                     404     0         48     
       cs.o                       260     0         0      
       flash.o                    156     0         0      
       rtc_c.o                    72      0         0      
       wdt_a.o                    44      0         0      
       cpu.o                      28      0         0      
    +--+--------------------------+-------+---------+---------+
       Total:                     2178    0         48     
                                                           
    C:/ti/tirex-content/tirtos_msp43x_2_20_00_06/products/tidrivers_msp43x_2_20_00_08/packages/ti/drivers/lib/drivers_MSP432P401R.aem4f
       PowerMSP432.oem4f          1016    0         196    
       GPIOMSP432.oem4f           708     12        49     
       List.oem4f                 8       0         0      
    +--+--------------------------+-------+---------+---------+
       Total:                     1732    12        245    
                                                           
    C:/ti/tirex-content/tirtos_msp43x_2_20_00_06/products/tidrivers_msp43x_2_20_00_08/packages/ti/drivers/lib/power_tirtos_MSP432P401R.aem4f
       PowerMSP432_tirtos.oem4f   106     0         0      
    +--+--------------------------+-------+---------+---------+
       Total:                     106     0         0      
                                                           
    C:/ti/tirex-content/tirtos_msp43x_2_20_00_06/products/tidrivers_msp43x_2_20_00_08/packages/ti/drivers/ports/lib/tirtosport.aem4f
       HwiP_tirtos.oem4f          116     0         0      
    +--+--------------------------+-------+---------+---------+
       Total:                     116     0         0      
                                                           
    C:\Users\Tom\workspace_v7\kranioz\src\sysbios\sysbios.aem4f
       BIOS.obj                   11550   0         0      
       m3_Hwi_asm.obj             306     0         0      
       m3_TaskSupport_asm.obj     180     0         0      
       m3_Hwi_asm_switch.obj      118     0         0      
    +--+--------------------------+-------+---------+---------+
       Total:                     12154   0         0      
                                                           
    C:\ti\ccsv7\tools\compiler\ti-cgt-arm_16.9.0.LTS\lib\rtsv7M4_T_le_v4SPD16_eabi.lib
       trgdrv.obj                 804     0         8      
       trgmsg.obj                 104     0         288    
       memcpy_t2.obj              156     0         0      
       memset_t2.obj              122     0         0      
       copy_decompress_lzss.obj   104     0         0      
       exit.obj                   84      0         12     
       cpy_tbl.obj                76      0         0      
       u_divt2.obj                64      0         0      
       _lock.obj                  20      0         8      
       args_main.obj              24      0         0      
       strcpy.obj                 20      0         0      
       strlen.obj                 20      0         0      
       copy_decompress_none.obj   14      0         0      
       copy_zero_init.obj         12      0         0      
       stkdepth_vars.obj          0       0         4      
       i_div0.obj                 2       0         0      
    +--+--------------------------+-------+---------+---------+
       Total:                     1626    0         320    
                                                           
    C:\ti\tirex-content\tirtos_msp43x_2_20_00_06\products\bios_6_46_00_23\packages\ti\targets\arm\rtsarm\lib\auto_init.aem4f
       auto_init.oem4f            160     0         0      
    +--+--------------------------+-------+---------+---------+
       Total:                     160     0         0      
                                                           
    C:\ti\tirex-content\tirtos_msp43x_2_20_00_06\products\bios_6_46_00_23\packages\ti\targets\arm\rtsarm\lib\boot.aem4f
       boot.oem4f                 88      0         0      
    +--+--------------------------+-------+---------+---------+
       Total:                     88      0         0      
                                                           
    C:\ti\tirex-content\tirtos_msp43x_2_20_00_06\products\bios_6_46_00_23\packages\ti\targets\arm\rtsarm\lib\ti.targets.arm.rtsarm.aem4f
       System.oem4f               1255    0         0      
       Text.oem4f                 672     0         0      
       Error.oem4f                524     0         0      
       Core-mem.oem4f             358     0         0      
       Startup.oem4f              340     0         0      
       SysMin.oem4f               248     0         0      
       Core-smem.oem4f            204     0         0      
       Memory.oem4f               176     0         0      
       Assert.oem4f               84      0         0      
       Core-params.oem4f          70      0         0      
       Core-label.oem4f           52      0         0      
       Registry.oem4f             32      0         0      
       Gate.oem4f                 28      0         0      
    +--+--------------------------+-------+---------+---------+
       Total:                     4043    0         0      
                                                           
       Stack:                     0       0         768    
       Linker Generated:          0       606       0      
    +--+--------------------------+-------+---------+---------+
       Grand Total:               24109   8248      5285   


LINKER GENERATED COPY TABLES

__TI_cinit_table @ 00007f28 records: 3, size/record: 8, table size: 24
	.data: load addr=00007ce0, load size=0000022a bytes, run addr=20000ca8, run size=000004fd bytes, compression=lzss
	.bss: load addr=00007f18, load size=00000008 bytes, run addr=20000140, run size=00000b68 bytes, compression=zero_init
	.vecs: load addr=00007f20, load size=00000008 bytes, run addr=20000000, run size=00000140 bytes, compression=zero_init


LINKER GENERATED HANDLER TABLE

__TI_handler_table @ 00007f0c records: 3, size/record: 4, table size: 12
	index: 0, handler: __TI_decompress_lzss
	index: 1, handler: __TI_decompress_none
	index: 2, handler: __TI_zero_init


GLOBAL SYMBOLS: SORTED ALPHABETICALLY BY Name 

address   name                                                        
-------   ----                                                        
00004351  C$$EXIT                                                     
00003d9b  C$$IO$$                                                     
00005dab  CPU_cpsid                                                   
00005db7  CPU_cpsie                                                   
00000ff5  CPU_wfi                                                     
00002b65  CS_initClockSignal                                          
0000548d  CS_setDCOCenteredFrequency                                  
00004ae1  FlashCtl_disableReadBuffering                               
00004dc1  FlashCtl_enableReadBuffering                                
0000539d  FlashCtl_setWaitState                                       
00007abc  GPIOMSP432_config                                           
0000599d  GPIO_clearInterruptFlag                                     
00004f3d  GPIO_getEnabledInterruptStatus                              
00005c4d  GPIO_getInterruptStatus                                     
000042a9  GPIO_hwiIntFxn                                              
00003f69  GPIO_init                                                   
00005665  GPIO_interruptEdgeSelect                                    
00005211  GPIO_setAsInputPin                                          
00004f6d  GPIO_setAsInputPinWithPullDownResistor                      
00004f9d  GPIO_setAsInputPinWithPullUpResistor                        
000054b1  GPIO_setAsOutputPin                                         
000042fd  GPIO_setCallback                                            
00002219  GPIO_setConfig                                              
00005b1d  GPIO_setDriveStrengthHigh                                   
000059b5  GPIO_setDriveStrengthLow                                    
00005b31  GPIO_setOutputHighOnPin                                     
000059cd  GPIO_setOutputLowOnPin                                      
00004fcd  GPIO_toggle                                                 
00005b45  GPIO_toggleOutputOnPin                                      
000044fd  GPIO_write                                                  
00000a97  HOSTclock                                                   
00000a5f  HOSTclose                                                   
00000a21  HOSTgetenv                                                  
000009c5  HOSTlseek                                                   
00000973  HOSTopen                                                    
00000927  HOSTread                                                    
000008c9  HOSTrename                                                  
0000088f  HOSTtime                                                    
00000841  HOSTtime64                                                  
00000809  HOSTunlink                                                  
000007bd  HOSTwrite                                                   
00005d61  HwiP_Params_init                                            
00003ea5  HwiP_create                                                 
000016bd  HwiP_disable                                                
00005ee9  HwiP_restore                                                
000018bd  List_head                                                   
00001ded  List_next                                                   
00005ead  MSP_EXP432P401R_initGPIO                                    
00005eb5  MSP_EXP432P401R_initGeneral                                 
000057c9  PCM_enableRudeMode                                          
0000523d  PCM_getCoreVoltageLevel                                     
00005349  PCM_getPowerMode                                            
00005dc5  PCM_getPowerState                                           
000053c5  PCM_gotoLPM0                                                
00003975  PCM_gotoLPM3                                                
00005c5d  PCM_gotoLPM4                                                
00005ebd  PCM_setPowerMode                                            
00005ec5  PCM_setPowerState                                           
0000454d  PCM_shutdownDevice                                          
00007ad0  PowerMSP432_config                                          
000036af  PowerMSP432_initPolicy                                      
20001018  PowerMSP432_module                                          
20000ca8  PowerMSP432_perfLevels                                      
00004be1  PowerMSP432_sleepPolicy                                     
00005269  PowerMSP432_updateFreqs                                     
00005dd1  Power_getConstraintMask                                     
00005b59  Power_idleFunc                                              
00004941  Power_init                                                  
00000d91  Power_sleep                                                 
000054d5  RTC_C_holdClock                                             
000054f9  RTC_C_startClock                                            
UNDEFED   SHT$$INIT_ARRAY$$Base                                       
UNDEFED   SHT$$INIT_ARRAY$$Limit                                      
4000480c  WDTCTL_SYM                                                  
000059e5  WDT_A_holdTimer                                             
00005b6d  WDT_A_startTimer                                            
00000000  __ASM__                                                     
20000a80  __CIOBUF_                                                   
00000058  __ISA__                                                     
0000006b  __PLAT__                                                    
20010000  __STACK_END                                                 
00000300  __STACK_SIZE                                                
0000008e  __TARG__                                                    
00007f28  __TI_CINIT_Base                                             
00007f40  __TI_CINIT_Limit                                            
00007f0c  __TI_Handler_Table_Base                                     
00007f18  __TI_Handler_Table_Limit                                    
000032f9  __TI_auto_init                                              
200010f0  __TI_cleanup_ptr                                            
00003d05  __TI_decompress_lzss                                        
00005d6f  __TI_decompress_none                                        
200010f4  __TI_dtors_ptr                                              
200010f8  __TI_enable_exit_profile_output                             
ffffffff  __TI_pprof_out_hndl                                         
ffffffff  __TI_prof_data_size                                         
ffffffff  __TI_prof_data_start                                        
00003d9f  __TI_readmsg                                                
00007ce0  __TI_static_base__                                          
00003d6d  __TI_writemsg                                               
00005ddd  __TI_zero_init                                              
000000b4  __TRDR__                                                    
00003b4f  __aeabi_idiv0                                               
000039f1  __aeabi_memclr                                              
000039f1  __aeabi_memclr4                                             
000039f1  __aeabi_memclr8                                             
00003439  __aeabi_memcpy                                              
00003439  __aeabi_memcpy4                                             
00003439  __aeabi_memcpy8                                             
000039f3  __aeabi_memset                                              
000039f3  __aeabi_memset4                                             
000039f3  __aeabi_memset8                                             
00004b61  __aeabi_uidiv                                               
00004b61  __aeabi_uidivmod                                            
ffffffff  __binit__                                                   
ffffffff  __c_args__                                                  
2000fd00  __stack                                                     
000059fd  _args_main                                                  
000041a1  _c_int00                                                    
20001120  _lock                                                       
00005ba3  _nop                                                        
00005b9b  _register_lock                                              
00005b95  _register_unlock                                            
20001124  _unlock                                                     
00004355  abort                                                       
ffffffff  binit                                                       
00004691  copy_in                                                     
0000435d  exit                                                        
20001128  gpioCallbackFunctions                                       
200010d0  gpioPinConfigs                                              
00005b81  heartBeatFxn                                                
00002ded  main                                                        
20001188  main_func_sp                                                
00003439  memcpy                                                      
000039f9  memset                                                      
00005d01  osi_TaskDisable                                             
00005c91  osi_start                                                   
00005ba9  strcpy                                                      
00005bbd  strlen                                                      
20000740  task0Stack                                                  
20000c20  task0Struct                                                 
20001040  ti_sysbios_BIOS_Module__state__V                            
00005901  ti_sysbios_BIOS_RtsGateProxy_Handle__label__S               
000055ad  ti_sysbios_BIOS_RtsGateProxy_Object__delete__S              
00001f65  ti_sysbios_BIOS_RtsGateProxy_enter__E                       
000020cd  ti_sysbios_BIOS_RtsGateProxy_leave__E                       
00005f19  ti_sysbios_BIOS_RtsGateProxy_query__E                       
00004ffd  ti_sysbios_BIOS_atExitFunc__I                               
0000551d  ti_sysbios_BIOS_errorRaiseHook__I                           
[...]
00005cd1  ti_sysbios_knl_Semaphore_Instance_finalize__E               
00005ce1  ti_sysbios_knl_Swi_disable__E                               
00005cf1  ti_sysbios_knl_Task_Object__get__S                          
00005d01  osi_TaskDisable                                             
00005d01  ti_sysbios_knl_Task_disable__E                              
00005d11  xdc_runtime_Gate_leaveSystem__E                             
00005d21  xdc_runtime_Memory_free__E                                  
00005d31  xdc_runtime_SysMin_ready__E                                 
00005d31  xdc_runtime_System_SupportProxy_ready__E                    
00005d41  xdc_runtime_System_vsnprintf__E                             
00005d51  xdc_runtime_Text_visitRope__I                               
00005d61  HwiP_Params_init                                            
00005d6f  __TI_decompress_none                                        
00005d81  ti_sysbios_knl_Idle_loop__E                                 
00005d91  ti_sysbios_knl_Queue_empty__E                               
00005d9f  ti_sysbios_family_arm_msp432_init_Boot_init__I              
00005d9f  xdc_runtime_Startup_reset__I                                
00005dab  CPU_cpsid                                                   
00005db7  CPU_cpsie                                                   
00005dc5  PCM_getPowerState                                           
00005dd1  Power_getConstraintMask                                     
00005ddd  __TI_zero_init                                              
00005de9  ti_sysbios_family_arm_m3_Hwi_Params__init__S                
00005de9  ti_sysbios_hal_Hwi_HwiProxy_Params__init__S                 
00005df9  ti_sysbios_family_arm_m3_Hwi_disableFxn__E                  
00005df9  ti_sysbios_hal_Hwi_HwiProxy_disable__E                      
00005e09  ti_sysbios_family_arm_m3_TaskSupport_checkStack__E          
00005e09  ti_sysbios_knl_Task_SupportProxy_checkStack__E              
00005e19  ti_sysbios_family_arm_m3_TaskSupport_getStackAlignment__E   
00005e19  ti_sysbios_knl_Task_SupportProxy_getStackAlignment__E       
00005e29  ti_sysbios_family_arm_msp432_Timer_getMaxTicks__E           
00005e39  ti_sysbios_gates_GateHwi_enter__E                           
00005e45  ti_sysbios_knl_Queue_Object__get__S                         
00005e51  ti_sysbios_knl_Task_Params__init__S                         
00005e5d  xdc_runtime_Error_init__E                                   
00005e69  xdc_runtime_Gate_enterSystem__E                             
00005e75  xdc_runtime_Memory_calloc__E                                
00005e81  xdc_runtime_Memory_getMaxDefaultTypeAlign__E                
00005e8d  xdc_runtime_Startup_rtsDone__E                              
00005e99  xdc_runtime_Memory_HeapProxy_alloc__E                       
00005ea3  xdc_runtime_Memory_HeapProxy_free__E                        
00005ead  MSP_EXP432P401R_initGPIO                                    
00005eb5  MSP_EXP432P401R_initGeneral                                 
00005ebd  PCM_setPowerMode                                            
00005ec5  PCM_setPowerState                                           
00005ed1  ti_sysbios_family_arm_m3_Hwi_doSwiRestore__I                
00005ed9  ti_sysbios_family_arm_m3_Hwi_startup__E                     
00005ed9  ti_sysbios_hal_Hwi_HwiProxy_startup__E                      
00005ee1  ti_sysbios_family_arm_m3_Hwi_doTaskRestore__I               
00005ee9  HwiP_restore                                                
00005ee9  ti_sysbios_family_arm_m3_Hwi_restoreFxn__E                  
00005ee9  ti_sysbios_hal_Hwi_HwiProxy_restore__E                      
00005ef1  ti_sysbios_gates_GateHwi_leave__E                           
00005ef9  ti_sysbios_heaps_HeapMem_isBlocking__E                      
00005f01  ti_sysbios_knl_Queue_Instance_init__E                       
00005f09  ti_sysbios_knl_Swi_startup__E                               
00005f11  ti_sysbios_gates_GateHwi_query__E                           
00005f11  xdc_runtime_Main_Module_GateProxy_query__E                  
00005f11  xdc_runtime_System_Module_GateProxy_query__E                
00005f19  ti_sysbios_BIOS_RtsGateProxy_query__E                       
00005f19  ti_sysbios_gates_GateMutex_query__E                         
00005f19  ti_sysbios_heaps_HeapMem_Module_GateProxy_query__E          
00005f21  ti_sysbios_knl_Task_startup__E                              
00005f29  ti_sysbios_BIOS_linkedWithIncorrectBootLibrary__E           
00005f31  ti_sysbios_gates_GateHwi_Instance_init__E                   
00005f39  ti_sysbios_knl_Clock_logTick__E                             
00005f3c  xdc_runtime_Text_charTab__A                                 
00007757  xdc_runtime_Error_policy__C                                 
00007758  xdc_runtime_Text_nodeTab__A                                 
00007850  ti_sysbios_knl_Task_Object__PARAMS__C                       
0000788c  ti_sysbios_family_arm_m3_Hwi_Object__PARAMS__C              
000078bc  ti_sysbios_heaps_HeapMem_Module__FXNS__C                    
000078e4  ti_sysbios_gates_GateHwi_Module__FXNS__C                    
00007908  ti_sysbios_gates_GateMutex_Module__FXNS__C                  
0000792c  ti_sysbios_heaps_HeapMem_Object__PARAMS__C                  
00007950  ti_sysbios_knl_Semaphore_Object__PARAMS__C                  
00007974  ti_sysbios_family_arm_m3_Hwi_Object__DESC__C                
00007994  ti_sysbios_gates_GateHwi_Object__DESC__C                    
000079b4  ti_sysbios_gates_GateMutex_Object__DESC__C                  
000079d4  ti_sysbios_heaps_HeapMem_Object__DESC__C                    
000079f4  ti_sysbios_knl_Queue_Object__DESC__C                        
00007a14  ti_sysbios_knl_Semaphore_Object__DESC__C                    
00007a34  ti_sysbios_knl_Task_Object__DESC__C                         
00007a54  xdc_runtime_Startup_sfxnTab__A                              
00007a74  ti_sysbios_gates_GateHwi_Object__PARAMS__C                  
00007a8c  ti_sysbios_gates_GateMutex_Object__PARAMS__C                
00007aa4  ti_sysbios_knl_Queue_Object__PARAMS__C                      
00007abc  GPIOMSP432_config                                           
00007ad0  PowerMSP432_config                                          
00007ae0  xdc_runtime_Startup_sfxnRts__A                              
00007afc  xdc_runtime_Startup_firstFxns__A                            
00007b08  ti_sysbios_family_arm_m3_Hwi_excHookFuncs__A                
00007b10  ti_sysbios_knl_Idle_funcList__A                             
00007b18  ti_sysbios_knl_Idle_funcList__C                             
00007b20  xdc_runtime_Startup_firstFxns__C                            
00007b28  xdc_runtime_Startup_lastFxns__C                             
00007b30  ti_sysbios_family_arm_m3_Hwi_E_NMI__C                       
00007b34  ti_sysbios_family_arm_m3_Hwi_E_alreadyDefined__C            
00007b38  ti_sysbios_family_arm_m3_Hwi_E_busFault__C                  
00007b3c  ti_sysbios_family_arm_m3_Hwi_E_debugMon__C                  
00007b40  ti_sysbios_family_arm_m3_Hwi_E_hardFault__C                 
00007b44  ti_sysbios_family_arm_m3_Hwi_E_memFault__C                  
00007b48  ti_sysbios_family_arm_m3_Hwi_E_noIsr__C                     
00007b4c  ti_sysbios_family_arm_m3_Hwi_E_reserved__C                  
00007b50  ti_sysbios_family_arm_m3_Hwi_E_svCall__C                    
00007b54  ti_sysbios_family_arm_m3_Hwi_E_usageFault__C                
00007b58  ti_sysbios_family_arm_m3_Hwi_NUM_INTERRUPTS__C              
00007b5c  ti_sysbios_family_arm_m3_Hwi_Object__count__C               
00007b60  ti_sysbios_family_arm_m3_Hwi_ccr__C                         
00007b64  ti_sysbios_family_arm_m3_Hwi_excHandlerFunc__C              
00007b68  ti_sysbios_family_arm_m3_Hwi_excHookFuncs__C                
00007b6c  ti_sysbios_family_arm_m3_Hwi_nullIsrFunc__C                 
00007b70  ti_sysbios_family_arm_m3_Hwi_priGroup__C                    
00007b74  ti_sysbios_family_arm_m3_TaskSupport_stackAlignment__C      
00007b78  ti_sysbios_family_arm_msp432_Timer_numTimerDevices__C       
00007b7c  ti_sysbios_family_arm_msp432_Timer_startupNeeded__C         
00007b80  ti_sysbios_gates_GateMutex_A_badContext__C                  
00007b84  ti_sysbios_gates_GateMutex_Instance_State_sem__O            
00007b88  ti_sysbios_gates_GateMutex_Module__diagsEnabled__C          
00007b8c  ti_sysbios_gates_GateMutex_Module__diagsIncluded__C         
00007b90  ti_sysbios_gates_GateMutex_Module__diagsMask__C             
00007b94  ti_sysbios_hal_Hwi_E_stackOverflow__C                       
00007b98  ti_sysbios_heaps_HeapMem_A_align__C                         
00007b9c  ti_sysbios_heaps_HeapMem_A_heapSize__C                      
00007ba0  ti_sysbios_heaps_HeapMem_A_invalidFree__C                   
00007ba4  ti_sysbios_heaps_HeapMem_A_zeroBlock__C                     
00007ba8  ti_sysbios_heaps_HeapMem_E_memory__C                        
00007bac  ti_sysbios_heaps_HeapMem_Module__diagsEnabled__C            
00007bb0  ti_sysbios_heaps_HeapMem_Module__diagsIncluded__C           
00007bb4  ti_sysbios_heaps_HeapMem_Module__diagsMask__C               
00007bb8  ti_sysbios_heaps_HeapMem_Module__gateObj__C                 
00007bbc  ti_sysbios_heaps_HeapMem_Object__count__C                   
00007bc0  ti_sysbios_heaps_HeapMem_reqAlign__C                        
00007bc4  ti_sysbios_knl_Clock_Module_State_clockQ__O                 
00007bc8  ti_sysbios_knl_Semaphore_A_badContext__C                    
00007bcc  ti_sysbios_knl_Semaphore_A_noEvents__C                      
00007bd0  ti_sysbios_knl_Semaphore_A_overflow__C                      
00007bd4  ti_sysbios_knl_Semaphore_A_pendTaskDisabled__C              
00007bd8  ti_sysbios_knl_Semaphore_Instance_State_pendQ__O            
00007bdc  ti_sysbios_knl_Semaphore_Module__diagsEnabled__C            
00007be0  ti_sysbios_knl_Semaphore_Module__diagsIncluded__C           
00007be4  ti_sysbios_knl_Semaphore_Module__diagsMask__C               
00007be8  ti_sysbios_knl_Swi_Object__count__C                         
00007bec  ti_sysbios_knl_Task_A_badPriority__C                        
00007bf0  ti_sysbios_knl_Task_A_badTaskState__C                       
00007bf4  ti_sysbios_knl_Task_A_badThreadType__C                      
00007bf8  ti_sysbios_knl_Task_A_badTimeout__C                         
00007bfc  ti_sysbios_knl_Task_A_noPendElem__C                         
00007c00  ti_sysbios_knl_Task_A_sleepTaskDisabled__C                  
00007c04  ti_sysbios_knl_Task_E_spOutOfBounds__C                      
00007c08  ti_sysbios_knl_Task_E_stackOverflow__C                      
00007c0c  ti_sysbios_knl_Task_Module_State_inactiveQ__O               
00007c10  ti_sysbios_knl_Task_Module__diagsEnabled__C                 
00007c14  ti_sysbios_knl_Task_Module__diagsIncluded__C                
00007c18  ti_sysbios_knl_Task_Module__diagsMask__C                    
00007c1c  ti_sysbios_knl_Task_Object__count__C                        
00007c20  ti_sysbios_knl_Task_allBlockedFunc__C                       
00007c24  ti_sysbios_knl_Task_defaultStackHeap__C                     
00007c28  ti_sysbios_knl_Task_defaultStackSize__C                     
00007c2c  ti_sysbios_knl_Task_numConstructedTasks__C                  
00007c30  xdc_runtime_Assert_E_assertFailed__C                        
00007c34  xdc_runtime_Core_A_initializedParams__C                     
00007c38  xdc_runtime_Core_Module__diagsEnabled__C                    
00007c3c  xdc_runtime_Core_Module__diagsIncluded__C                   
00007c40  xdc_runtime_Core_Module__diagsMask__C                       
00007c44  xdc_runtime_Error_E_memory__C                               
00007c48  xdc_runtime_Error_Module__diagsEnabled__C                   
00007c4c  xdc_runtime_Error_Module__diagsIncluded__C                  
00007c50  xdc_runtime_Error_Module__diagsMask__C                      
00007c54  xdc_runtime_Error_Module__loggerFxn8__C                     
00007c58  xdc_runtime_Error_Module__loggerObj__C                      
00007c5c  xdc_runtime_Error_policyFxn__C                              
00007c60  xdc_runtime_Error_raiseHook__C                              
00007c64  xdc_runtime_IGateProvider_Interface__BASE__C                
00007c68  xdc_runtime_IHeap_Interface__BASE__C                        
00007c6c  xdc_runtime_IModule_Interface__BASE__C                      
00007c70  xdc_runtime_Log_L_error__C                                  
00007c74  xdc_runtime_Memory_defaultHeapInstance__C                   
00007c78  xdc_runtime_Startup_execImpl__C                             
00007c7c  xdc_runtime_Startup_maxPasses__C                            
00007c80  xdc_runtime_Startup_sfxnRts__C                              
00007c84  xdc_runtime_Startup_sfxnTab__C                              
00007c88  xdc_runtime_SysMin_bufSize__C                               
00007c8c  xdc_runtime_SysMin_outputFunc__C                            
00007c90  xdc_runtime_System_Module__gateObj__C                       
00007c94  xdc_runtime_System_abortFxn__C                              
00007c98  xdc_runtime_System_exitFxn__C                               
00007c9c  xdc_runtime_System_extendFxn__C                             
00007ca0  xdc_runtime_System_maxAtexitHandlers__C                     
00007ca4  xdc_runtime_Text_charTab__C                                 
00007ca8  xdc_runtime_Text_nameEmpty__C                               
00007cac  xdc_runtime_Text_nameStatic__C                              
00007cb0  xdc_runtime_Text_nameUnknown__C                             
00007cb4  xdc_runtime_Text_nodeTab__C                                 
00007cb8  xdc_runtime_Text_visitRopeFxn__C                            
00007cbc  ti_sysbios_family_arm_m3_Hwi_Module__id__C                  
00007cbe  ti_sysbios_gates_GateMutex_Module__id__C                    
00007cc0  ti_sysbios_hal_Hwi_Module__id__C                            
00007cc2  ti_sysbios_heaps_HeapMem_Module__id__C                      
00007cc4  ti_sysbios_knl_Semaphore_Module__id__C                      
00007cc6  ti_sysbios_knl_Task_Module__id__C                           
00007cc8  xdc_runtime_Core_Module__id__C                              
00007cca  xdc_runtime_Error_Module__loggerDefined__C                  
00007ccc  xdc_runtime_Error_maxDepth__C                               
00007cce  xdc_runtime_Memory_Module__id__C                            
00007cd0  xdc_runtime_SysMin_flushAtExit__C                           
00007cd2  xdc_runtime_Text_charCnt__C                                 
00007cd4  xdc_runtime_Text_isLoaded__C                                
00007cd6  xdc_runtime_Text_registryModsLastId__C                      
00007cd8  xdc_runtime_Text_unnamedModsLastId__C                       
00007ce0  __TI_static_base__                                          
00007f0c  __TI_Handler_Table_Base                                     
00007f18  __TI_Handler_Table_Limit                                    
00007f28  __TI_CINIT_Base                                             
00007f40  __TI_CINIT_Limit                                            
20000000  ti_sysbios_family_arm_m3_Hwi_ramVectors                     
20000140  ti_sysbios_heaps_HeapMem_Instance_State_0_buf__A            
20000540  ti_sysbios_knl_Task_Instance_State_0_stack__A               
20000740  task0Stack                                                  
20000940  ti_sysbios_family_arm_m3_Hwi_dispatchTable                  
20000a80  __CIOBUF_                                                   
20000ba0  xdc_runtime_SysMin_Module_State_0_outbuf__A                 
20000c20  task0Struct                                                 
20000ca8  PowerMSP432_perfLevels                                      
20000d44  ti_sysbios_knl_Swi_Module_State_0_readyQ__A                 
20000dc4  ti_sysbios_knl_Task_Module_State_0_readyQ__A                
20000e44  ti_sysbios_family_arm_msp432_Timer_Object__table__V         
20000e90  ti_sysbios_knl_Task_Object__table__V                        
20000edc  ti_sysbios_knl_Task_Module__state__V                        
20000f20  ti_sysbios_gates_GateMutex_Object__table__V                 
20000f58  ti_sysbios_family_arm_m3_Hwi_Module__state__V               
20000fbc  ti_sysbios_knl_Swi_Object__table__V                         
20000fec  ti_sysbios_knl_Clock_Module__state__V                       
20001018  PowerMSP432_module                                          
20001040  ti_sysbios_BIOS_Module__state__V                            
20001064  ti_sysbios_family_arm_msp432_Timer_Module_State_0_device__A 
20001084  ti_sysbios_knl_Swi_Module__state__V                         
200010a0  ti_sysbios_family_arm_m3_Hwi_Object__table__V               
200010b8  ti_sysbios_heaps_HeapMem_Object__table__V                   
200010d0  gpioPinConfigs                                              
200010e0  ti_sysbios_family_arm_msp432_Timer_Module_State_0_handles__A
200010f0  __TI_cleanup_ptr                                            
200010f4  __TI_dtors_ptr                                              
200010f8  __TI_enable_exit_profile_output                             
200010fc  ti_sysbios_family_arm_msp432_ClockFreqs_Module__state__V    
20001108  ti_sysbios_family_arm_msp432_Timer_Module__state__V         
20001114  xdc_runtime_SysMin_Module__state__V                         
20001120  _lock                                                       
20001124  _unlock                                                     
20001128  gpioCallbackFunctions                                       
20001130  ti_sysbios_family_arm_m3_Hwi_Module__root__V                
20001138  ti_sysbios_gates_GateHwi_Module__root__V                    
20001140  ti_sysbios_gates_GateMutex_Module__root__V                  
20001148  ti_sysbios_heaps_HeapMem_Module__root__V                    
20001150  ti_sysbios_knl_Queue_Module__root__V                        
20001158  ti_sysbios_knl_Semaphore_Module__root__V                    
20001160  ti_sysbios_knl_Task_Module__root__V                         
20001168  xdc_runtime_Registry_Module__state__V                       
20001170  xdc_runtime_Startup_Module__state__V                        
20001178  xdc_runtime_System_Module_State_0_atexitHandlers__A         
20001180  xdc_runtime_System_Module__state__V                         
20001188  main_func_sp                                                
2000118c  ti_sysbios_family_arm_m3_Hwi_Module_State_0_excContext__A   
20001190  ti_sysbios_family_arm_m3_Hwi_Module_State_0_excStack__A     
20001194  ti_sysbios_gates_GateHwi_Object__table__V                   
20001198  ti_sysbios_knl_Task_Module_State_0_idleTask__A              
2000119c  xdc_runtime_Memory_Module__state__V                         
200011a0  ti_sysbios_family_arm_m3_Hwi_Module_State_0_excActive__A    
200011a2  xdc_runtime_Error_Module__state__V                          
2000fd00  __stack                                                     
20010000  __STACK_END                                                 
4000480c  WDTCTL_SYM                                                  
e000e000  ti_sysbios_family_arm_m3_Hwi_nvic                           
ffffffff  __TI_pprof_out_hndl                                         
ffffffff  __TI_prof_data_size                                         
ffffffff  __TI_prof_data_start                                        
ffffffff  __binit__                                                   
ffffffff  __c_args__                                                  
ffffffff  binit                                                       
UNDEFED   SHT$$INIT_ARRAY$$Base                                       
UNDEFED   SHT$$INIT_ARRAY$$Limit                                      

[587 symbols]
